Component: ARM Compiler 5.05 update 1 (build 106) Tool: armlink [4d0efa]

==============================================================================

Section Cross References

    main.o(i.feed_back_task) refers to feed_back.o(i.feed_back_send) for feed_back_send
    main.o(i.feed_back_task) refers to os_time.o(i.OSTimeDlyHMSM) for OSTimeDlyHMSM
    main.o(i.heart_beat_task) refers to os_tmr.o(i.OSTmrStart) for OSTmrStart
    main.o(i.heart_beat_task) refers to heart_beat.o(i.heart_run) for heart_run
    main.o(i.heart_beat_task) refers to os_time.o(i.OSTimeDlyHMSM) for OSTimeDlyHMSM
    main.o(i.heart_beat_task) refers to main.o(.bss) for tmr1
    main.o(i.heart_beat_task) refers to heart_beat.o(.bss) for h_times
    main.o(i.heart_beat_task) refers to main.o(.data) for heart_beat
    main.o(i.main) refers to mpu.o(i.MPU_Memory_Protection) for MPU_Memory_Protection
    main.o(i.main) refers to sys.o(i.Cache_Enable) for Cache_Enable
    main.o(i.main) refers to stm32f7xx_hal.o(i.HAL_Init) for HAL_Init
    main.o(i.main) refers to sys.o(i.Stm32_Clock_Init) for Stm32_Clock_Init
    main.o(i.main) refers to delay.o(i.delay_init) for delay_init
    main.o(i.main) refers to usart.o(i.uart_init) for uart_init
    main.o(i.main) refers to led.o(i.LED_Init) for LED_Init
    main.o(i.main) refers to key.o(i.KEY_Init) for KEY_Init
    main.o(i.main) refers to sdram.o(i.SDRAM_Init) for SDRAM_Init
    main.o(i.main) refers to lcd.o(i.LCD_Init) for LCD_Init
    main.o(i.main) refers to mpu9250.o(i.MPU9250_Init) for MPU9250_Init
    main.o(i.main) refers to dma.o(i.MYDMA_Config) for MYDMA_Config
    main.o(i.main) refers to lcd.o(i.LCD_ShowString) for LCD_ShowString
    main.o(i.main) refers to delay.o(i.delay_ms) for delay_ms
    main.o(i.main) refers to lcd.o(i.LCD_Fill) for LCD_Fill
    main.o(i.main) refers to stm32f7xx_hal_gpio.o(i.HAL_GPIO_TogglePin) for HAL_GPIO_TogglePin
    main.o(i.main) refers to inv_mpu.o(i.mpu_dmp_init) for mpu_dmp_init
    main.o(i.main) refers to os_core.o(i.OSInit) for OSInit
    main.o(i.main) refers to cpu_a.o(.text) for CPU_SR_Save
    main.o(i.main) refers to cpu_core.o(i.CPU_IntDisMeasStart) for CPU_IntDisMeasStart
    main.o(i.main) refers to os_task.o(i.OSTaskCreate) for OSTaskCreate
    main.o(i.main) refers to cpu_core.o(i.CPU_IntDisMeasStop) for CPU_IntDisMeasStop
    main.o(i.main) refers to os_core.o(i.OSStart) for OSStart
    main.o(i.main) refers to lcd.o(.data) for POINT_COLOR
    main.o(i.main) refers to main.o(.bss) for START_TASK_STK
    main.o(i.main) refers to main.o(i.start_task) for start_task
    main.o(i.mpu9250_send_data) refers to main.o(i.usart1_niming_report) for usart1_niming_report
    main.o(i.mpu9250_task) refers to mpu9250.o(i.mpu9250_run) for mpu9250_run
    main.o(i.mpu9250_task) refers to os_time.o(i.OSTimeDlyHMSM) for OSTimeDlyHMSM
    main.o(i.receive_task) refers to re_an..o(i.re_an) for re_an
    main.o(i.receive_task) refers to data.o(i.data_write) for data_write
    main.o(i.receive_task) refers to os_time.o(i.OSTimeDlyHMSM) for OSTimeDlyHMSM
    main.o(i.receive_task) refers to data.o(.bss) for data_package
    main.o(i.start_task) refers to cpu_core.o(i.CPU_Init) for CPU_Init
    main.o(i.start_task) refers to os_stat.o(i.OSStatTaskCPUUsageInit) for OSStatTaskCPUUsageInit
    main.o(i.start_task) refers to cpu_core.o(i.CPU_IntDisMeasMaxCurReset) for CPU_IntDisMeasMaxCurReset
    main.o(i.start_task) refers to os_tmr.o(i.OSTmrCreate) for OSTmrCreate
    main.o(i.start_task) refers to cpu_a.o(.text) for CPU_SR_Save
    main.o(i.start_task) refers to cpu_core.o(i.CPU_IntDisMeasStart) for CPU_IntDisMeasStart
    main.o(i.start_task) refers to os_task.o(i.OSTaskCreate) for OSTaskCreate
    main.o(i.start_task) refers to cpu_core.o(i.CPU_IntDisMeasStop) for CPU_IntDisMeasStop
    main.o(i.start_task) refers to os_task.o(i.OSTaskDel) for OSTaskDel
    main.o(i.start_task) refers to main.o(i.tmr1_callback) for tmr1_callback
    main.o(i.start_task) refers to main.o(.bss) for tmr1
    main.o(i.start_task) refers to main.o(i.tmr2_callback) for tmr2_callback
    main.o(i.start_task) refers to main.o(i.heart_beat_task) for heart_beat_task
    main.o(i.start_task) refers to main.o(i.receive_task) for receive_task
    main.o(i.start_task) refers to main.o(i.mpu9250_task) for mpu9250_task
    main.o(i.start_task) refers to main.o(i.feed_back_task) for feed_back_task
    main.o(i.tmr1_callback) refers to crc.o(i.CRC16) for CRC16
    main.o(i.tmr1_callback) refers to stm32f7xx_hal_uart.o(i.HAL_UART_Transmit) for HAL_UART_Transmit
    main.o(i.tmr1_callback) refers to heart_beat.o(.bss) for h_times
    main.o(i.tmr1_callback) refers to main.o(.data) for heart_beat
    main.o(i.tmr1_callback) refers to usart.o(.bss) for UART1_Handler
    main.o(i.tmr2_callback) refers to lcd.o(i.LCD_ShowxNum) for LCD_ShowxNum
    main.o(i.tmr2_callback) refers to lcd.o(i.LCD_Fill) for LCD_Fill
[...]
    OSTickListTimeout                        0x20020330   Data           8  os_var.o(.data)
    OSTmrDbgListPtr                          0x20020338   Data           4  os_var.o(.data)
    OSTmrListEntries                         0x2002033c   Data           2  os_var.o(.data)
    OSTmrListPtr                             0x20020340   Data           4  os_var.o(.data)
    OSTmrQty                                 0x20020344   Data           2  os_var.o(.data)
    OSTmrTaskTimeMax                         0x20020348   Data           4  os_var.o(.data)
    OSTmrTickCtr                             0x2002034c   Data           4  os_var.o(.data)
    OSTmrUpdateCnt                           0x20020350   Data           4  os_var.o(.data)
    OSTmrUpdateCtr                           0x20020354   Data           4  os_var.o(.data)
    OSTCBCurPtr                              0x20020358   Data           4  os_var.o(.data)
    OSTCBHighRdyPtr                          0x2002035c   Data           4  os_var.o(.data)
    OS_CPU_ExceptStkBase                     0x20020360   Data           4  os_cpu_c.o(.data)
    StartTaskTCB                             0x20020374   Data         192  main.o(.bss)
    START_TASK_STK                           0x20020434   Data         512  main.o(.bss)
    HEART_BEAT_TaskTCB                       0x20020634   Data         192  main.o(.bss)
    HEART_BEAT_TASK_STK                      0x200206f4   Data         512  main.o(.bss)
    RECEIVE_TaskTCB                          0x200208f4   Data         192  main.o(.bss)
    RECEIVE_TASK_STK                         0x200209b4   Data         512  main.o(.bss)
    MPU9250_TaskTCB                          0x20020bb4   Data         192  main.o(.bss)
    MPU9250_TASK_STK                         0x20020c74   Data        1024  main.o(.bss)
    FEED_BACK_TaskTCB                        0x20021074   Data         192  main.o(.bss)
    FEED_BACK_TASK_STK                       0x20021134   Data         512  main.o(.bss)
    tmr1                                     0x20021334   Data          48  main.o(.bss)
    tmr2                                     0x20021364   Data          48  main.o(.bss)
    feed_back                                0x20021394   Data         114  main.o(.bss)
    SendBuff                                 0x20021406   Data        7800  main.o(.bss)
    USART_RX_BUF                             0x20023280   Data         200  usart.o(.bss)
    UART1_Handler                            0x20023348   Data         112  usart.o(.bss)
    SDRAM_Handler                            0x200233b8   Data          52  sdram.o(.bss)
    SRAM_Handler                             0x200233ec   Data          76  lcd.o(.bss)
    lcddev                                   0x20023438   Data          14  lcd.o(.bss)
    LTDC_Handler                             0x20023448   Data         168  ltdc.o(.bss)
    DMA2D_Handler                            0x200234f0   Data          88  ltdc.o(.bss)
    lcdltdc                                  0x20023548   Data          32  ltdc.o(.bss)
    UART1TxDMA_Handler                       0x20023568   Data          96  dma.o(.bss)
    h_times                                  0x200235c8   Data          12  heart_beat.o(.bss)
    crc_check                                0x200235d4   Data         114  re_an..o(.bss)
    data_package                             0x20023646   Data         106  data.o(.bss)
    TIM4_Handler                             0x200236b0   Data          60  usmart.o(.bss)
    CPU_Name                                 0x20023d34   Data          16  cpu_core.o(.bss)
    OSCfg_IdleTaskStk                        0x20023d44   Data         512  os_cfg_app.o(.bss)
    OSCfg_ISRStk                             0x20023f44   Data         400  os_cfg_app.o(.bss)
    OSCfg_MsgPool                            0x200240d4   Data        1600  os_cfg_app.o(.bss)
    OSCfg_StatTaskStk                        0x20024714   Data         400  os_cfg_app.o(.bss)
    OSCfg_TickTaskStk                        0x200248a4   Data         512  os_cfg_app.o(.bss)
    OSCfg_TmrTaskStk                         0x20024aa4   Data         512  os_cfg_app.o(.bss)
    OSIdleTaskTCB                            0x20024ca4   Data         192  os_var.o(.bss)
    OSMsgPool                                0x20024d64   Data          12  os_var.o(.bss)
    OSRdyList                                0x20024d70   Data         768  os_var.o(.bss)
    OSStatTaskTCB                            0x20025070   Data         192  os_var.o(.bss)
    OSTickTaskTCB                            0x20025130   Data         192  os_var.o(.bss)
    OSTmrMutex                               0x200251f0   Data          48  os_var.o(.bss)
    OSTmrTaskTCB                             0x20025220   Data         192  os_var.o(.bss)
    cb                                       0x200252e0   Data         232  compass_vec_cal.o(.bss)
    cb_test                                  0x200253c8   Data         232  compass_vec_cal.o(.bss)
    cb_sim                                   0x200254b0   Data         232  compass_vec_cal.o(.bss)
    vc                                       0x20025598   Data         424  compass_vec_cal.o(.bss)
    fnm                                      0x20025740   Data         608  fast_no_motion.o(.bss)
    s9axis                                   0x200259e0   Data         312  fusion_9axis.o(.bss)
    mag_disturb                              0x20025cdc   Data         184  mag_disturb.o(.bss)
    __libspace_start                         0x200262b8   Data          96  libspace.o(.bss)
    __temporary_stack_top$libspace           0x20026318   Data           0  libspace.o(.bss)
    ltdc_lcd_framebuf                        0xc0000000   Data       2048000  ltdc.o(.ARM.__AT_0xC0000000)



==============================================================================

Memory Map of the image

  Image Entry point : 0x080001f9

  Load Region LR_IROM1 (Base: 0x08000000, Size: 0x00020c20, Max: 0x00100000, ABSOLUTE, COMPRESSED[0x00020964])

    Execution Region ER_IROM1 (Base: 0x08000000, Size: 0x000208ac, Max: 0x00100000, ABSOLUTE)

    Base Addr    Size         Type   Attr      Idx    E Section Name        Object

    0x08000000   0x000001f8   Data   RO          681    RESET               startup_stm32f767xx.o
    0x080001f8   0x00000008   Code   RO         9760  * !!!main             c_w.l(__main.o)
    0x08000200   0x00000034   Code   RO        10355    !!!scatter          c_w.l(__scatter.o)
    0x08000234   0x0000005a   Code   RO        10353    !!dczerorl2         c_w.l(__dczerorl2.o)
    0x0800028e   0x00000002   PAD
    0x08000290   0x0000001c   Code   RO        10357    !!handler_zi        c_w.l(__scatter_zi.o)
    0x080002ac   0x00000000   Code   RO         9743    .ARM.Collect$$_printf_percent$$00000000  c_w.l(_printf_percent.o)
    0x080002ac   0x00000006   Code   RO        10044    .ARM.Collect$$_printf_percent$$00000001  c_w.l(_printf_n.o)
    0x080002b2   0x00000006   Code   RO        10045    .ARM.Collect$$_printf_percent$$00000002  c_w.l(_printf_p.o)
    0x080002b8   0x00000006   Code   RO         9742    .ARM.Collect$$_printf_percent$$00000003  c_w.l(_printf_f.o)
    0x080002be   0x00000006   Code   RO        10048    .ARM.Collect$$_printf_percent$$00000004  c_w.l(_printf_e.o)
    0x080002c4   0x00000006   Code   RO        10049    .ARM.Collect$$_printf_percent$$00000005  c_w.l(_printf_g.o)
    0x080002ca   0x00000006   Code   RO        10050    .ARM.Collect$$_printf_percent$$00000006  c_w.l(_printf_a.o)
    0x080002d0   0x0000000a   Code   RO        10055    .ARM.Collect$$_printf_percent$$00000007  c_w.l(_printf_ll.o)
    0x080002da   0x00000006   Code   RO        10047    .ARM.Collect$$_printf_percent$$00000008  c_w.l(_printf_i.o)
    0x080002e0   0x00000006   Code   RO         9740    .ARM.Collect$$_printf_percent$$00000009  c_w.l(_printf_d.o)
    0x080002e6   0x00000006   Code   RO         9741    .ARM.Collect$$_printf_percent$$0000000A  c_w.l(_printf_u.o)
    0x080002ec   0x00000006   Code   RO        10046    .ARM.Collect$$_printf_percent$$0000000B  c_w.l(_printf_o.o)
    0x080002f2   0x00000006   Code   RO         9739    .ARM.Collect$$_printf_percent$$0000000C  c_w.l(_printf_x.o)
    0x080002f8   0x00000006   Code   RO        10052    .ARM.Collect$$_printf_percent$$0000000D  c_w.l(_printf_lli.o)
    0x080002fe   0x00000006   Code   RO        10053    .ARM.Collect$$_printf_percent$$0000000E  c_w.l(_printf_lld.o)
    0x08000304   0x00000006   Code   RO        10054    .ARM.Collect$$_printf_percent$$0000000F  c_w.l(_printf_llu.o)
    0x0800030a   0x00000006   Code   RO        10059    .ARM.Collect$$_printf_percent$$00000010  c_w.l(_printf_llo.o)
    0x08000310   0x00000006   Code   RO        10060    .ARM.Collect$$_printf_percent$$00000011  c_w.l(_printf_llx.o)
    0x08000316   0x0000000a   Code   RO        10056    .ARM.Collect$$_printf_percent$$00000012  c_w.l(_printf_l.o)
    0x08000320   0x00000006   Code   RO         9737    .ARM.Collect$$_printf_percent$$00000013  c_w.l(_printf_c.o)
    0x08000326   0x00000006   Code   RO         9738    .ARM.Collect$$_printf_percent$$00000014  c_w.l(_printf_s.o)
    0x0800032c   0x00000006   Code   RO        10057    .ARM.Collect$$_printf_percent$$00000015  c_w.l(_printf_lc.o)
    0x08000332   0x00000006   Code   RO        10058    .ARM.Collect$$_printf_percent$$00000016  c_w.l(_printf_ls.o)
    0x08000338   0x00000004   Code   RO        10051    .ARM.Collect$$_printf_percent$$00000017  c_w.l(_printf_percent_end.o)
    0x0800033c   0x00000002   Code   RO        10224    .ARM.Collect$$libinit$$00000000  c_w.l(libinit.o)
    0x0800033e   0x00000004   Code   RO        10225    .ARM.Collect$$libinit$$00000001  c_w.l(libinit2.o)
    0x08000342   0x00000000   Code   RO        10228    .ARM.Collect$$libinit$$00000004  c_w.l(libinit2.o)
    0x08000342   0x00000000   Code   RO        10231    .ARM.Collect$$libinit$$0000000A  c_w.l(libinit2.o)
    0x08000342   0x00000000   Code   RO        10233    .ARM.Collect$$libinit$$0000000C  c_w.l(libinit2.o)
    0x08000342   0x00000000   Code   RO        10235    .ARM.Collect$$libinit$$0000000E  c_w.l(libinit2.o)
    0x08000342   0x00000006   Code   RO        10236    .ARM.Collect$$libinit$$0000000F  c_w.l(libinit2.o)
    0x08000348   0x00000000   Code   RO        10238    .ARM.Collect$$libinit$$00000011  c_w.l(libinit2.o)
    0x08000348   0x0000000c   Code   RO        10239    .ARM.Collect$$libinit$$00000012  c_w.l(libinit2.o)
    0x08000354   0x00000000   Code   RO        10240    .ARM.Collect$$libinit$$00000013  c_w.l(libinit2.o)
    0x08000354   0x00000000   Code   RO        10242    .ARM.Collect$$libinit$$00000015  c_w.l(libinit2.o)
    0x08000354   0x0000000a   Code   RO        10243    .ARM.Collect$$libinit$$00000016  c_w.l(libinit2.o)
    0x0800035e   0x00000000   Code   RO        10244    .ARM.Collect$$libinit$$00000017  c_w.l(libinit2.o)
    0x0800035e   0x00000000   Code   RO        10246    .ARM.Collect$$libinit$$00000019  c_w.l(libinit2.o)
    0x0800035e   0x00000000   Code   RO        10248    .ARM.Collect$$libinit$$0000001B  c_w.l(libinit2.o)
    0x0800035e   0x00000000   Code   RO        10250    .ARM.Collect$$libinit$$0000001D  c_w.l(libinit2.o)
    0x0800035e   0x00000000   Code   RO        10252    .ARM.Collect$$libinit$$0000001F  c_w.l(libinit2.o)
    0x0800035e   0x00000000   Code   RO        10254    .ARM.Collect$$libinit$$00000021  c_w.l(libinit2.o)
    0x0800035e   0x00000000   Code   RO        10256    .ARM.Collect$$libinit$$00000023  c_w.l(libinit2.o)
    0x0800035e   0x00000000   Code   RO        10258    .ARM.Collect$$libinit$$00000025  c_w.l(libinit2.o)
    0x0800035e   0x00000000   Code   RO        10262    .ARM.Collect$$libinit$$0000002C  c_w.l(libinit2.o)
    0x0800035e   0x00000000   Code   RO        10264    .ARM.Collect$$libinit$$0000002E  c_w.l(libinit2.o)
    0x0800035e   0x00000000   Code   RO        10266    .ARM.Collect$$libinit$$00000030  c_w.l(libinit2.o)
    0x0800035e   0x00000000   Code   RO        10268    .ARM.Collect$$libinit$$00000032  c_w.l(libinit2.o)
    0x0800035e   0x00000002   Code   RO        10269    .ARM.Collect$$libinit$$00000033  c_w.l(libinit2.o)
    0x08000360   0x00000002   Code   RO        10318    .ARM.Collect$$libshutdown$$00000000  c_w.l(libshutdown.o)
    0x08000362   0x00000000   Code   RO        10338    .ARM.Collect$$libshutdown$$00000003  c_w.l(libshutdown2.o)
    0x08000362   0x00000000   Code   RO        10341    .ARM.Collect$$libshutdown$$00000006  c_w.l(libshutdown2.o)
    0x08000362   0x00000000   Code   RO        10344    .ARM.Collect$$libshutdown$$00000009  c_w.l(libshutdown2.o)
    0x08000362   0x00000000   Code   RO        10346    .ARM.Collect$$libshutdown$$0000000B  c_w.l(libshutdown2.o)
    0x08000362   0x00000000   Code   RO        10349    .ARM.Collect$$libshutdown$$0000000E  c_w.l(libshutdown2.o)
    0x08000362   0x00000002   Code   RO        10350    .ARM.Collect$$libshutdown$$0000000F  c_w.l(libshutdown2.o)
    0x08000364   0x00000000   Code   RO        10010    .ARM.Collect$$rtentry$$00000000  c_w.l(__rtentry.o)
    0x08000364   0x00000000   Code   RO        10129    .ARM.Collect$$rtentry$$00000002  c_w.l(__rtentry2.o)
    0x08000364   0x00000006   Code   RO        10141    .ARM.Collect$$rtentry$$00000004  c_w.l(__rtentry4.o)
    0x0800036a   0x00000000   Code   RO        10131    .ARM.Collect$$rtentry$$00000009  c_w.l(__rtentry2.o)
    0x0800036a   0x00000004   Code   RO        10132    .ARM.Collect$$rtentry$$0000000A  c_w.l(__rtentry2.o)
    0x0800036e   0x00000000   Code   RO        10134    .ARM.Collect$$rtentry$$0000000C  c_w.l(__rtentry2.o)
    0x0800036e   0x00000008   Code   RO        10135    .ARM.Collect$$rtentry$$0000000D  c_w.l(__rtentry2.o)
    0x08000376   0x00000002   Code   RO        10272    .ARM.Collect$$rtexit$$00000000  c_w.l(rtexit.o)
    0x08000378   0x00000000   Code   RO        10290    .ARM.Collect$$rtexit$$00000002  c_w.l(rtexit2.o)
    0x08000378   0x00000004   Code   RO        10291    .ARM.Collect$$rtexit$$00000003  c_w.l(rtexit2.o)
    0x0800037c   0x00000006   Code   RO        10292    .ARM.Collect$$rtexit$$00000004  c_w.l(rtexit2.o)
    0x08000382   0x00000002   PAD
    0x08000384   0x00000068   Code   RO          682    .text               startup_stm32f767xx.o
    0x080003ec   0x00000034   Code   RO         7513    .text               cpu_a.o
    0x08000420   0x000024f0   Code   RO         9438    .text               libmpllib.lib(compass_vec_cal.o)
    0x08002910   0x00000a18   Code   RO         9528    .text               libmpllib.lib(fast_no_motion.o)
    0x08003328   0x000006b0   Code   RO         9561    .text               libmpllib.lib(fusion_9axis.o)
    0x080039d8   0x000004c4   Code   RO         9583    .text               libmpllib.lib(gyro_tc.o)
    0x08003e9c   0x000005c0   Code   RO         9601    .text               libmpllib.lib(mag_disturb.o)
    0x0800445c   0x00000994   Code   RO         9623    .text               libmpllib.lib(quaternion_supervisor.o)
    0x08004df0   0x00000c44   Code   RO         9641    .text               libmpllib.lib(accel_auto_cal.o)
    0x08005a34   0x00000002   Code   RO         9672    .text               c_w.l(use_no_semi_2.o)
    0x08005a36   0x000000ee   Code   RO         9674    .text               c_w.l(lludivv7m.o)
    0x08005b24   0x00000026   Code   RO         9676    .text               c_w.l(llshl.o)
    0x08005b4a   0x00000026   Code   RO         9678    .text               c_w.l(llsshr.o)
    0x08005b70   0x00000048   Code   RO         9680    .text               c_w.l(llsdiv.o)
    0x08005bb8   0x00000024   Code   RO         9682    .text               c_w.l(vsprintf.o)
    0x08005bdc   0x00000018   Code   RO         9684    .text               c_w.l(__2printf.o)
    0x08005bf4   0x0000004e   Code   RO         9690    .text               c_w.l(_printf_pad.o)
    0x08005c42   0x00000052   Code   RO         9692    .text               c_w.l(_printf_str.o)
    0x08005c94   0x00000078   Code   RO         9694    .text               c_w.l(_printf_dec.o)
    0x08005d0c   0x00000094   Code   RO         9714    .text               c_w.l(_printf_hex_int_ll_ptr.o)
    0x08005da0   0x00000188   Code   RO         9734    .text               c_w.l(__printf_flags_ss_wp.o)
    0x08005f28   0x00000058   Code   RO         9744    .text               c_w.l(memcmp.o)
    0x08005f80   0x0000008a   Code   RO         9746    .text               c_w.l(rt_memcpy_v6.o)
    0x0800600a   0x00000064   Code   RO         9748    .text               c_w.l(rt_memcpy_w.o)
    0x0800606e   0x0000007a   Code   RO         9750    .text               c_w.l(rt_memmove_w.o)
    0x080060e8   0x00000010   Code   RO         9752    .text               c_w.l(aeabi_memset.o)
    0x080060f8   0x00000044   Code   RO         9754    .text               c_w.l(rt_memclr.o)
    0x0800613c   0x0000004e   Code   RO         9756    .text               c_w.l(rt_memclr_w.o)
    0x0800618a   0x00000006   Code   RO         9758    .text               c_w.l(heapauxi.o)
    0x08006190   0x00000002   Code   RO        10008    .text               c_w.l(use_no_semi.o)
    0x08006192   0x00000016   Code   RO        10015    .text               c_w.l(_rserrno.o)
    0x080061a8   0x00000024   Code   RO        10017    .text               c_w.l(_printf_truncate.o)
    0x080061cc   0x000000b2   Code   RO        10019    .text               c_w.l(_printf_intcommon.o)
    0x0800627e   0x00000028   Code   RO        10021    .text               c_w.l(_printf_charcount.o)
    0x080062a6   0x0000041a   Code   RO        10023    .text               c_w.l(_printf_fp_dec.o)
    0x080066c0   0x00000030   Code   RO        10025    .text               c_w.l(_printf_char_common.o)
    0x080066f0   0x0000000a   Code   RO        10027    .text               c_w.l(_sputc.o)
    0x080066fa   0x0000002c   Code   RO        10029    .text               c_w.l(_printf_char.o)
    0x08006726   0x00000002   PAD
    0x08006728   0x00000024   Code   RO        10031    .text               c_w.l(_printf_char_file.o)
    0x0800674c   0x000000bc   Code   RO        10033    .text               c_w.l(_printf_wctomb.o)
    0x08006808   0x0000007c   Code   RO        10036    .text               c_w.l(_printf_longlong_dec.o)
    0x08006884   0x00000070   Code   RO        10042    .text               c_w.l(_printf_oct_int_ll.o)
    0x080068f4   0x00000008   Code   RO        10148    .text               c_w.l(rt_locale_intlibspace.o)
    0x080068fc   0x00000008   Code   RO        10153    .text               c_w.l(rt_errno_addr_intlibspace.o)
    0x08006904   0x0000008a   Code   RO        10155    .text               c_w.l(lludiv10.o)
    0x0800698e   0x00000002   PAD
    0x08006990   0x000002fc   Code   RO        10157    .text               c_w.l(_printf_fp_hex.o)
    0x08006c8c   0x00000080   Code   RO        10160    .text               c_w.l(_printf_fp_infnan.o)
    0x08006d0c   0x0000002c   Code   RO        10164    .text               c_w.l(_printf_wchar.o)
    0x08006d38   0x000000dc   Code   RO        10166    .text               c_w.l(bigflt0.o)
    0x08006e14   0x00000008   Code   RO        10191    .text               c_w.l(ferror.o)
    0x08006e1c   0x00000040   Code   RO        10195    .text               c_w.l(_wcrtomb.o)
    0x08006e5c   0x00000008   Code   RO        10204    .text               c_w.l(libspace.o)
    0x08006e64   0x0000004a   Code   RO        10207    .text               c_w.l(sys_stackheap_outer.o)
    0x08006eae   0x00000002   PAD
    0x08006eb0   0x00000010   Code   RO        10209    .text               c_w.l(rt_ctype_table.o)
    0x08006ec0   0x0000000c   Code   RO        10211    .text               c_w.l(exit.o)
    0x08006ecc   0x00000068   Code   RO        10217    .text               c_w.l(strcmpv7m_pel.o)
    0x08006f34   0x0000003e   Code   RO        10169    CL$$btod_d2e        c_w.l(btod.o)
    0x08006f72   0x00000046   Code   RO        10171    CL$$btod_d2e_denorm_low  c_w.l(btod.o)
    0x08006fb8   0x00000060   Code   RO        10170    CL$$btod_d2e_norm_op1  c_w.l(btod.o)
    0x08007018   0x00000338   Code   RO        10179    CL$$btod_div_common  c_w.l(btod.o)
    0x08007350   0x000000c6   Code   RO        10176    CL$$btod_e2e        c_w.l(btod.o)
    0x08007416   0x00000028   Code   RO        10173    CL$$btod_ediv       c_w.l(btod.o)
    0x0800743e   0x00000028   Code   RO        10172    CL$$btod_emul       c_w.l(btod.o)
    0x08007466   0x00000244   Code   RO        10178    CL$$btod_mult_common  c_w.l(btod.o)
    0x080076aa   0x00000002   PAD
    0x080076ac   0x00000118   Code   RO         9269    CODE                os_cpu_a.o
    0x080077c4   0x0000000c   Code   RO         7461    i.BSP_CPU_ClkFreq   bsp.o
    0x080077d0   0x00000004   Code   RO          460    i.BusFault_Handler  stm32f7xx_it.o
    0x080077d4   0x00000010   Code   RO         7572    i.CPU_Init          cpu_core.o
    0x080077e4   0x00000084   Code   RO         7573    i.CPU_IntDisMeasInit  cpu_core.o
    0x08007868   0x0000001c   Code   RO         7574    i.CPU_IntDisMeasMaxCalc  cpu_core.o
    0x08007884   0x0000002c   Code   RO         7575    i.CPU_IntDisMeasMaxCurGet  cpu_core.o
    0x080078b0   0x0000002c   Code   RO         7576    i.CPU_IntDisMeasMaxCurReset  cpu_core.o
    0x080078dc   0x0000002c   Code   RO         7577    i.CPU_IntDisMeasMaxGet  cpu_core.o
    0x08007908   0x00000034   Code   RO         7578    i.CPU_IntDisMeasStart  cpu_core.o
    0x0800793c   0x00000054   Code   RO         7579    i.CPU_IntDisMeasStop  cpu_core.o
    0x08007990   0x00000038   Code   RO         7580    i.CPU_NameClr       cpu_core.o
    0x080079c8   0x00000008   Code   RO         7582    i.CPU_NameInit      cpu_core.o
    0x080079d0   0x00000014   Code   RO         7587    i.CPU_TS_Init       cpu_core.o
    0x080079e4   0x0000000c   Code   RO         7589    i.CPU_TS_TmrFreqSet  cpu_core.o
    0x080079f0   0x00000034   Code   RO         7463    i.CPU_TS_TmrInit    bsp.o
    0x08007a24   0x0000000c   Code   RO         7464    i.CPU_TS_TmrRd      bsp.o
    0x08007a30   0x00000044   Code   RO         4955    i.CRC16             crc.o
    0x08007a74   0x00000078   Code   RO         4167    i.Cache_Enable      sys.o
    0x08007aec   0x00000034   Code   RO          988    i.DMA_CalcBaseAndBitshift  stm32f7xx_hal_dma.o
    0x08007b20   0x000000ba   Code   RO          989    i.DMA_CheckFifoParam  stm32f7xx_hal_dma.o
    0x08007bda   0x00000002   Code   RO          461    i.DebugMon_Handler  stm32f7xx_it.o
    0x08007bdc   0x00000048   Code   RO         3025    i.FMC_NORSRAM_Extended_Timing_Init  stm32f7xx_ll_fmc.o
    0x08007c24   0x00000080   Code   RO         3026    i.FMC_NORSRAM_Init  stm32f7xx_ll_fmc.o
    0x08007ca4   0x0000005e   Code   RO         3027    i.FMC_NORSRAM_Timing_Init  stm32f7xx_ll_fmc.o
    0x08007d02   0x00000074   Code   RO         3032    i.FMC_SDRAM_Init    stm32f7xx_ll_fmc.o
    0x08007d76   0x0000000e   Code   RO         3033    i.FMC_SDRAM_ProgramRefreshRate  stm32f7xx_ll_fmc.o
    0x08007d84   0x00000052   Code   RO         3034    i.FMC_SDRAM_SendCommand  stm32f7xx_ll_fmc.o
    0x08007dd6   0x00000002   PAD
    0x08007dd8   0x0000009c   Code   RO         3036    i.FMC_SDRAM_Timing_Init  stm32f7xx_ll_fmc.o
    0x08007e74   0x00000028   Code   RO          992    i.HAL_DMA_Abort_IT  stm32f7xx_hal_dma.o
    0x08007e9c   0x00000062   Code   RO          993    i.HAL_DMA_DeInit    stm32f7xx_hal_dma.o
    0x08007efe   0x00000002   PAD
    0x08007f00   0x000000e8   Code   RO          997    i.HAL_DMA_Init      stm32f7xx_hal_dma.o
    0x08007fe8   0x00000218   Code   RO         1138    i.HAL_GPIO_Init     stm32f7xx_hal_gpio.o
    0x08008200   0x00000010   Code   RO         1140    i.HAL_GPIO_ReadPin  stm32f7xx_hal_gpio.o
    0x08008210   0x00000008   Code   RO         1141    i.HAL_GPIO_TogglePin  stm32f7xx_hal_gpio.o
    0x08008218   0x0000000c   Code   RO         1142    i.HAL_GPIO_WritePin  stm32f7xx_hal_gpio.o
    0x08008224   0x0000000c   Code   RO          706    i.HAL_GetTick       stm32f7xx_hal.o
    0x08008230   0x00000010   Code   RO          707    i.HAL_IncTick       stm32f7xx_hal.o
    0x08008240   0x00000028   Code   RO          708    i.HAL_Init          stm32f7xx_hal.o
    0x08008268   0x00000028   Code   RO          709    i.HAL_InitTick      stm32f7xx_hal.o
    0x08008290   0x0000005e   Code   RO         3446    i.HAL_LTDC_ConfigLayer  stm32f7xx_hal_ltdc.o
    0x080082ee   0x00000002   PAD
    0x080082f0   0x00000128   Code   RO         3463    i.HAL_LTDC_Init     stm32f7xx_hal_ltdc.o
    0x08008418   0x00000140   Code   RO         4625    i.HAL_LTDC_MspInit  ltdc.o
    0x08008558   0x0000006c   Code   RO         3478    i.HAL_LTDC_SetWindowPosition  stm32f7xx_hal_ltdc.o
    0x080085c4   0x00000074   Code   RO         3480    i.HAL_LTDC_SetWindowSize  stm32f7xx_hal_ltdc.o
    0x08008638   0x0000005c   Code   RO          860    i.HAL_MPU_ConfigRegion  stm32f7xx_hal_cortex.o
    0x08008694   0x00000002   Code   RO          711    i.HAL_MspInit       stm32f7xx_hal.o
    0x08008696   0x0000001a   Code   RO          863    i.HAL_NVIC_EnableIRQ  stm32f7xx_hal_cortex.o
    0x080086b0   0x0000007c   Code   RO          869    i.HAL_NVIC_SetPriority  stm32f7xx_hal_cortex.o
    0x0800872c   0x00000028   Code   RO          870    i.HAL_NVIC_SetPriorityGrouping  stm32f7xx_hal_cortex.o
    0x08008754   0x00000090   Code   RO         1331    i.HAL_PWREx_EnableOverDrive  stm32f7xx_hal_pwr_ex.o
    0x080087e4   0x00000980   Code   RO         1521    i.HAL_RCCEx_PeriphCLKConfig  stm32f7xx_hal_rcc_ex.o
    0x08009164   0x000001b4   Code   RO         1418    i.HAL_RCC_ClockConfig  stm32f7xx_hal_rcc.o
    0x08009318   0x0000000c   Code   RO         1423    i.HAL_RCC_GetHCLKFreq  stm32f7xx_hal_rcc.o
    0x08009324   0x0000002c   Code   RO         1425    i.HAL_RCC_GetPCLK1Freq  stm32f7xx_hal_rcc.o
    0x08009350   0x0000002c   Code   RO         1426    i.HAL_RCC_GetPCLK2Freq  stm32f7xx_hal_rcc.o
    0x0800937c   0x000000b4   Code   RO         1427    i.HAL_RCC_GetSysClockFreq  stm32f7xx_hal_rcc.o
    0x08009430   0x000004d0   Code   RO         1522    i.HAL_RCC_OscConfig  stm32f7xx_hal_rcc_ex.o
    0x08009900   0x00000040   Code   RO         3293    i.HAL_SDRAM_Init    stm32f7xx_hal_sdram.o
    0x08009940   0x0000011c   Code   RO         4337    i.HAL_SDRAM_MspInit  sdram.o
    0x08009a5c   0x00000028   Code   RO         3296    i.HAL_SDRAM_ProgramRefreshRate  stm32f7xx_hal_sdram.o
    0x08009a84   0x0000003a   Code   RO         3302    i.HAL_SDRAM_SendCommand  stm32f7xx_hal_sdram.o
    0x08009abe   0x00000058   Code   RO         3171    i.HAL_SRAM_Init     stm32f7xx_hal_sram.o
    0x08009b16   0x00000002   PAD
    0x08009b18   0x00000098   Code   RO         4395    i.HAL_SRAM_MspInit  lcd.o
    0x08009bb0   0x00000028   Code   RO          872    i.HAL_SYSTICK_CLKSourceConfig  stm32f7xx_hal_cortex.o
    0x08009bd8   0x00000034   Code   RO          874    i.HAL_SYSTICK_Config  stm32f7xx_hal_cortex.o
    0x08009c0c   0x0000002e   Code   RO         2095    i.HAL_TIM_Base_Init  stm32f7xx_hal_tim.o
    0x08009c3a   0x00000002   Code   RO         2097    i.HAL_TIM_Base_MspInit  stm32f7xx_hal_tim.o
    0x08009c3c   0x0000001e   Code   RO         2100    i.HAL_TIM_Base_Start_IT  stm32f7xx_hal_tim.o
    0x08009c5a   0x00000002   Code   RO         1576    i.HAL_UART_ErrorCallback  stm32f7xx_hal_uart.o
    0x08009c5c   0x0000015c   Code   RO         1579    i.HAL_UART_IRQHandler  stm32f7xx_hal_uart.o
    0x08009db8   0x00000078   Code   RO         1580    i.HAL_UART_Init     stm32f7xx_hal_uart.o
    0x08009e30   0x000000a0   Code   RO         4221    i.HAL_UART_MspInit  usart.o
    0x08009ed0   0x00000112   Code   RO         1583    i.HAL_UART_Receive  stm32f7xx_hal_uart.o
    0x08009fe2   0x00000002   Code   RO         1586    i.HAL_UART_RxCpltCallback  stm32f7xx_hal_uart.o
    0x08009fe4   0x000000c6   Code   RO         1588    i.HAL_UART_Transmit  stm32f7xx_hal_uart.o
    0x0800a0aa   0x00000002   Code   RO         1591    i.HAL_UART_TxCpltCallback  stm32f7xx_hal_uart.o
    0x0800a0ac   0x00000004   Code   RO          462    i.HardFault_Handler  stm32f7xx_it.o
    0x0800a0b0   0x00000054   Code   RO         4741    i.IIC_Ack           myiic.o
    0x0800a104   0x00000058   Code   RO         4742    i.IIC_Init          myiic.o
    0x0800a15c   0x00000054   Code   RO         4743    i.IIC_NAck          myiic.o
    0x0800a1b0   0x0000006c   Code   RO         4744    i.IIC_Read_Byte     myiic.o
    0x0800a21c   0x0000007c   Code   RO         4745    i.IIC_Send_Byte     myiic.o
    0x0800a298   0x00000054   Code   RO         4746    i.IIC_Start         myiic.o
    0x0800a2ec   0x00000054   Code   RO         4747    i.IIC_Stop          myiic.o
    0x0800a340   0x00000068   Code   RO         4748    i.IIC_Wait_Ack      myiic.o
    0x0800a3a8   0x000000a8   Code   RO         4304    i.KEY_Init          key.o
    0x0800a450   0x000000d0   Code   RO         4305    i.KEY_Scan          key.o
    0x0800a520   0x00000048   Code   RO         4397    i.LCD_Clear         lcd.o
    0x0800a568   0x00000180   Code   RO         4401    i.LCD_Display_Dir   lcd.o
    0x0800a6e8   0x00000124   Code   RO         4406    i.LCD_Fast_DrawPoint  lcd.o
    0x0800a80c   0x00000070   Code   RO         4407    i.LCD_Fill          lcd.o
    0x0800a87c   0x00002470   Code   RO         4408    i.LCD_Init          lcd.o
    0x0800ccec   0x00000084   Code   RO         4409    i.LCD_MPU_Config    lcd.o
    0x0800cd70   0x00000016   Code   RO         4410    i.LCD_Pow           lcd.o
    0x0800cd86   0x00000002   PAD
    0x0800cd88   0x00000014   Code   RO         4411    i.LCD_RD_DATA       lcd.o
    0x0800cd9c   0x00000050   Code   RO         4414    i.LCD_SSD_BackLightSet  lcd.o
    0x0800cdec   0x00000274   Code   RO         4415    i.LCD_Scan_Dir      lcd.o
    0x0800d060   0x00000138   Code   RO         4416    i.LCD_SetCursor     lcd.o
    0x0800d198   0x0000013c   Code   RO         4418    i.LCD_ShowChar      lcd.o
    0x0800d2d4   0x00000094   Code   RO         4419    i.LCD_ShowNum       lcd.o
    0x0800d368   0x00000066   Code   RO         4420    i.LCD_ShowString    lcd.o
    0x0800d3ce   0x000000be   Code   RO         4421    i.LCD_ShowxNum      lcd.o
    0x0800d48c   0x00000018   Code   RO         4422    i.LCD_WR_DATA       lcd.o
    0x0800d4a4   0x00000018   Code   RO         4423    i.LCD_WR_REG        lcd.o
    0x0800d4bc   0x00000014   Code   RO         4425    i.LCD_WriteRAM_Prepare  lcd.o
    0x0800d4d0   0x00000010   Code   RO         4426    i.LCD_WriteReg      lcd.o
    0x0800d4e0   0x00000058   Code   RO         4280    i.LED_Init          led.o
    0x0800d538   0x00000024   Code   RO         4626    i.LTDC_Clear        ltdc.o
    0x0800d55c   0x00000026   Code   RO         4627    i.LTDC_Clk_Set      ltdc.o
    0x0800d582   0x00000002   PAD
    0x0800d584   0x0000002c   Code   RO         4629    i.LTDC_Display_Dir  ltdc.o
    0x0800d5b0   0x00000050   Code   RO         4630    i.LTDC_Draw_Point   ltdc.o
    0x0800d600   0x00000148   Code   RO         4631    i.LTDC_Fill         ltdc.o
    0x0800d748   0x00000280   Code   RO         4632    i.LTDC_Init         ltdc.o
    0x0800d9c8   0x0000007c   Code   RO         4633    i.LTDC_Layer_Parameter_Config  ltdc.o
    0x0800da44   0x00000030   Code   RO         4635    i.LTDC_Layer_Window_Config  ltdc.o
    0x0800da74   0x000000cc   Code   RO         4636    i.LTDC_PanelID_Read  ltdc.o
    0x0800db40   0x0000000c   Code   RO         4638    i.LTDC_Select_Layer  ltdc.o
    0x0800db4c   0x00000212   Code   RO         3482    i.LTDC_SetConfig    stm32f7xx_hal_ltdc.o
    0x0800dd5e   0x000000c0   Code   RO         4810    i.MPU9250_Init      mpu9250.o
    0x0800de1e   0x00000050   Code   RO         4811    i.MPU_Get_Accelerometer  mpu9250.o
    0x0800de6e   0x00000050   Code   RO         4812    i.MPU_Get_Gyroscope  mpu9250.o
    0x0800debe   0x00000002   PAD
    0x0800dec0   0x00000068   Code   RO         4814    i.MPU_Get_Temperature  mpu9250.o
    0x0800df28   0x00000034   Code   RO         4915    i.MPU_Memory_Protection  mpu.o
    0x0800df5c   0x00000048   Code   RO         4815    i.MPU_Read_Byte     mpu9250.o
    0x0800dfa4   0x00000074   Code   RO         4816    i.MPU_Read_Len      mpu9250.o
    0x0800e018   0x00000012   Code   RO         4817    i.MPU_Set_Accel_Fsr  mpu9250.o
    0x0800e02a   0x00000016   Code   RO         4818    i.MPU_Set_Gyro_Fsr  mpu9250.o
    0x0800e040   0x0000003c   Code   RO         4819    i.MPU_Set_LPF       mpu9250.o
    0x0800e07c   0x00000090   Code   RO         4916    i.MPU_Set_Protection  mpu.o
    0x0800e10c   0x0000003c   Code   RO         4820    i.MPU_Set_Rate      mpu9250.o
    0x0800e148   0x0000004c   Code   RO         4821    i.MPU_Write_Byte    mpu9250.o
    0x0800e194   0x00000060   Code   RO         4822    i.MPU_Write_Len     mpu9250.o
    0x0800e1f4   0x000000a0   Code   RO         5052    i.MYDMA_Config      dma.o
    0x0800e294   0x0000009c   Code   RO         4917    i.MemManage_Handler  mpu.o
    0x0800e330   0x00000012   Code   RO         7877    i.Mem_Clr           lib_mem.o
    0x0800e342   0x00000054   Code   RO         7904    i.Mem_Set           lib_mem.o
    0x0800e396   0x00000002   Code   RO          463    i.NMI_Handler       stm32f7xx_it.o
    0x0800e398   0x00000010   Code   RO          876    i.NVIC_GetPriorityGrouping  stm32f7xx_hal_cortex.o
    0x0800e3a8   0x00000028   Code   RO          877    i.NVIC_SetPriority  stm32f7xx_hal_cortex.o
    0x0800e3d0   0x00000002   Code   RO         8212    i.OSCfg_Init        os_cfg_app.o
    0x0800e3d2   0x00000002   PAD
    0x0800e3d4   0x00000014   Code   RO         9272    i.OSIdleTaskHook    os_cpu_c.o
    0x0800e3e8   0x0000014c   Code   RO         8235    i.OSInit            os_core.o
    0x0800e534   0x00000028   Code   RO         9273    i.OSInitHook        os_cpu_c.o
    0x0800e55c   0x0000002c   Code   RO         8236    i.OSIntEnter        os_core.o
    0x0800e588   0x000000dc   Code   RO         8237    i.OSIntExit         os_core.o
    0x0800e664   0x0000006c   Code   RO         8604    i.OSMutexCreate     os_mutex.o
    0x0800e6d0   0x000001ec   Code   RO         8605    i.OSMutexPend       os_mutex.o
    0x0800e8bc   0x0000017c   Code   RO         8606    i.OSMutexPost       os_mutex.o
    0x0800ea38   0x000000a4   Code   RO         8238    i.OSSched           os_core.o
    0x0800eadc   0x00000064   Code   RO         8239    i.OSSchedLock       os_core.o
    0x0800eb40   0x00000088   Code   RO         8240    i.OSSchedUnlock     os_core.o
    0x0800ebc8   0x00000068   Code   RO         8241    i.OSStart           os_core.o
    0x0800ec30   0x00000148   Code   RO         8887    i.OSStatReset       os_stat.o
    0x0800ed78   0x00000100   Code   RO         8888    i.OSStatTaskCPUUsageInit  os_stat.o
    0x0800ee78   0x00000014   Code   RO         9274    i.OSStatTaskHook    os_cpu_c.o
    0x0800ee8c   0x00000144   Code   RO         8918    i.OSTaskCreate      os_task.o
    0x0800efd0   0x00000018   Code   RO         9275    i.OSTaskCreateHook  os_cpu_c.o
    0x0800efe8   0x0000019c   Code   RO         8919    i.OSTaskDel         os_task.o
    0x0800f184   0x00000018   Code   RO         9276    i.OSTaskDelHook     os_cpu_c.o
    0x0800f19c   0x00000036   Code   RO         8927    i.OSTaskResume      os_task.o
    0x0800f1d2   0x00000002   PAD
    0x0800f1d4   0x00000018   Code   RO         9277    i.OSTaskReturnHook  os_cpu_c.o
    0x0800f1ec   0x000001c8   Code   RO         8928    i.OSTaskSemPend     os_task.o
    0x0800f3b4   0x00000024   Code   RO         8930    i.OSTaskSemPost     os_task.o
    0x0800f3d8   0x000000bc   Code   RO         8932    i.OSTaskStkChk      os_task.o
    0x0800f494   0x000002c4   Code   RO         9278    i.OSTaskStkInit     os_cpu_c.o
    0x0800f758   0x00000024   Code   RO         8933    i.OSTaskSuspend     os_task.o
    0x0800f77c   0x000000ac   Code   RO         9279    i.OSTaskSwHook      os_cpu_c.o
    0x0800f828   0x000000b0   Code   RO         9131    i.OSTimeDly         os_time.o
    0x0800f8d8   0x00000114   Code   RO         9132    i.OSTimeDlyHMSM     os_time.o
    0x0800f9ec   0x00000044   Code   RO         9135    i.OSTimeTick        os_time.o
    0x0800fa30   0x00000014   Code   RO         9280    i.OSTimeTickHook    os_cpu_c.o
    0x0800fa44   0x00000078   Code   RO         9167    i.OSTmrCreate       os_tmr.o
    0x0800fabc   0x000000c0   Code   RO         9170    i.OSTmrStart        os_tmr.o
    0x0800fb7c   0x000001a8   Code   RO         8439    i.OS_Dbg_Init       os_dbg.o
    0x0800fd24   0x00000018   Code   RO         8462    i.OS_FlagInit       os_flag.o
    0x0800fd3c   0x0000004c   Code   RO         8243    i.OS_IdleTask       os_core.o
    0x0800fd88   0x00000070   Code   RO         8244    i.OS_IdleTaskInit   os_core.o
    0x0800fdf8   0x00000018   Code   RO         8536    i.OS_MemInit        os_mem.o
    0x0800fe10   0x0000005c   Code   RO         8568    i.OS_MsgPoolInit    os_msg.o
    0x0800fe6c   0x00000044   Code   RO         8569    i.OS_MsgQFreeAll    os_msg.o
    0x0800feb0   0x0000000e   Code   RO         8571    i.OS_MsgQInit       os_msg.o
    0x0800febe   0x00000002   PAD
    0x0800fec0   0x00000030   Code   RO         8608    i.OS_MutexDbgListAdd  os_mutex.o
    0x0800fef0   0x00000008   Code   RO         8610    i.OS_MutexGrpAdd    os_mutex.o
    0x0800fef8   0x00000060   Code   RO         8611    i.OS_MutexGrpPostAll  os_mutex.o
    0x0800ff58   0x0000002c   Code   RO         8612    i.OS_MutexGrpPrioFindHighest  os_mutex.o
    0x0800ff84   0x0000001c   Code   RO         8613    i.OS_MutexGrpRemove  os_mutex.o
    0x0800ffa0   0x00000018   Code   RO         8614    i.OS_MutexInit      os_mutex.o
    0x0800ffb8   0x00000068   Code   RO         8245    i.OS_Pend           os_core.o
    0x08010020   0x00000028   Code   RO         8248    i.OS_PendDataInit   os_core.o
    0x08010048   0x0000005c   Code   RO         8249    i.OS_PendDbgNameAdd  os_core.o
    0x080100a4   0x00000024   Code   RO         8250    i.OS_PendDbgNameRemove  os_core.o
    0x080100c8   0x0000003a   Code   RO         8251    i.OS_PendListChangePrio  os_core.o
    0x08010102   0x0000000a   Code   RO         8252    i.OS_PendListInit   os_core.o
    0x0801010c   0x00000066   Code   RO         8254    i.OS_PendListInsertPrio  os_core.o
    0x08010172   0x00000034   Code   RO         8255    i.OS_PendListRemove  os_core.o
    0x080101a6   0x00000042   Code   RO         8256    i.OS_PendListRemove1  os_core.o
    0x080101e8   0x000000d6   Code   RO         8259    i.OS_Post           os_core.o
    0x080102be   0x0000002c   Code   RO         8260    i.OS_Post1          os_core.o
    0x080102ea   0x00000002   PAD
    0x080102ec   0x00000028   Code   RO         8706    i.OS_PrioGetHighest  os_prio.o
    0x08010314   0x00000018   Code   RO         8707    i.OS_PrioInit       os_prio.o
    0x0801032c   0x00000024   Code   RO         8708    i.OS_PrioInsert     os_prio.o
    0x08010350   0x00000024   Code   RO         8709    i.OS_PrioRemove     os_prio.o
    0x08010374   0x00000018   Code   RO         8752    i.OS_QInit          os_q.o
    0x0801038c   0x00000024   Code   RO         8261    i.OS_RdyListInit    os_core.o
    0x080103b0   0x0000002c   Code   RO         8262    i.OS_RdyListInsert  os_core.o
    0x080103dc   0x00000040   Code   RO         8263    i.OS_RdyListInsertHead  os_core.o
    0x0801041c   0x0000003c   Code   RO         8264    i.OS_RdyListInsertTail  os_core.o
    0x08010458   0x0000005c   Code   RO         8266    i.OS_RdyListRemove  os_core.o
    0x080104b4   0x00000018   Code   RO         8824    i.OS_SemInit        os_sem.o
    0x080104cc   0x00000324   Code   RO         8889    i.OS_StatTask       os_stat.o
    0x080107f0   0x000000cc   Code   RO         8890    i.OS_StatTaskInit   os_stat.o
    0x080108bc   0x0000002c   Code   RO         8267    i.OS_TaskBlock      os_core.o
    0x080108e8   0x000000ec   Code   RO         8934    i.OS_TaskChangePrio  os_task.o
    0x080109d4   0x00000030   Code   RO         8935    i.OS_TaskDbgListAdd  os_task.o
    0x08010a04   0x00000044   Code   RO         8936    i.OS_TaskDbgListRemove  os_task.o
    0x08010a48   0x00000020   Code   RO         8937    i.OS_TaskInit       os_task.o
    0x08010a68   0x000000c4   Code   RO         8938    i.OS_TaskInitTCB    os_task.o
    0x08010b2c   0x0000011c   Code   RO         8940    i.OS_TaskResume     os_task.o
    0x08010c48   0x00000018   Code   RO         8941    i.OS_TaskReturn     os_task.o
    0x08010c60   0x000001f0   Code   RO         8942    i.OS_TaskSemPost    os_task.o
    0x08010e50   0x00000138   Code   RO         8943    i.OS_TaskSuspend    os_task.o
    0x08010f88   0x00000086   Code   RO         9085    i.OS_TickListInsert  os_tick.o
    0x0801100e   0x00000002   PAD
    0x08011010   0x000000bc   Code   RO         9086    i.OS_TickListInsertDly  os_tick.o
    0x080110cc   0x00000058   Code   RO         9087    i.OS_TickListRemove  os_tick.o
    0x08011124   0x000000a0   Code   RO         9088    i.OS_TickListUpdateDly  os_tick.o
    0x080111c4   0x0000011c   Code   RO         9089    i.OS_TickListUpdateTimeout  os_tick.o
    0x080112e0   0x0000006c   Code   RO         9090    i.OS_TickTask       os_tick.o
    0x0801134c   0x000000c8   Code   RO         9091    i.OS_TickTaskInit   os_tick.o
    0x08011414   0x00000028   Code   RO         9174    i.OS_TmrDbgListAdd  os_tmr.o
    0x0801143c   0x00000134   Code   RO         9176    i.OS_TmrInit        os_tmr.o
    0x08011570   0x00000018   Code   RO         9177    i.OS_TmrLock        os_tmr.o
    0x08011588   0x00000094   Code   RO         9178    i.OS_TmrTask        os_tmr.o
    0x0801161c   0x00000044   Code   RO         9179    i.OS_TmrUnlink      os_tmr.o
    0x08011660   0x00000014   Code   RO         9180    i.OS_TmrUnlock      os_tmr.o
    0x08011674   0x0000009c   Code   RO         4170    i.SCB_EnableDCache  sys.o
    0x08011710   0x00000068   Code   RO         4338    i.SDRAM_Init        sdram.o
    0x08011778   0x00000054   Code   RO         4339    i.SDRAM_Initialization_Sequence  sdram.o
    0x080117cc   0x00000048   Code   RO         4340    i.SDRAM_Send_Cmd    sdram.o
    0x08011814   0x00000002   Code   RO          464    i.SVC_Handler       stm32f7xx_it.o
    0x08011816   0x00000002   PAD
    0x08011818   0x000000b4   Code   RO         4171    i.Stm32_Clock_Init  sys.o
    0x080118cc   0x00000020   Code   RO         4104    i.SysTick_Handler   delay.o
    0x080118ec   0x00000064   Code   RO          525    i.SystemInit        system_stm32f7xx.o
    0x08011950   0x00000044   Code   RO         5192    i.TIM4_IRQHandler   usmart.o
    0x08011994   0x000000e4   Code   RO         2179    i.TIM_Base_SetConfig  stm32f7xx_hal_tim.o
    0x08011a78   0x0000005c   Code   RO         5193    i.Timer4_Init       usmart.o
    0x08011ad4   0x000000ea   Code   RO         1593    i.UART_AdvFeatureConfig  stm32f7xx_hal_uart.o
    0x08011bbe   0x00000074   Code   RO         1594    i.UART_CheckIdleState  stm32f7xx_hal_uart.o
    0x08011c32   0x00000018   Code   RO         1595    i.UART_DMAAbortOnError  stm32f7xx_hal_uart.o
    0x08011c4a   0x00000020   Code   RO         1601    i.UART_EndRxTransfer  stm32f7xx_hal_uart.o
    0x08011c6a   0x00000020   Code   RO         1602    i.UART_EndTransmit_IT  stm32f7xx_hal_uart.o
    0x08011c8a   0x00000088   Code   RO         1604    i.UART_Receive_IT   stm32f7xx_hal_uart.o
    0x08011d12   0x00000002   PAD
    0x08011d14   0x0000038c   Code   RO         1605    i.UART_SetConfig    stm32f7xx_hal_uart.o
    0x080120a0   0x0000006a   Code   RO         1606    i.UART_Transmit_IT  stm32f7xx_hal_uart.o
    0x0801210a   0x0000006c   Code   RO         1607    i.UART_WaitOnFlagUntilTimeout  stm32f7xx_hal_uart.o
    0x08012176   0x00000002   PAD
    0x08012178   0x000000a8   Code   RO         4222    i.USART1_IRQHandler  usart.o
    0x08012220   0x00000004   Code   RO          465    i.UsageFault_Handler  stm32f7xx_it.o
    0x08012224   0x000000ca   Code   RO         6055    i._MLPrintLog       log_stm32.o
    0x080122ee   0x00000030   Code   RO        10093    i.__ARM_fpclassify  m_wv.l(fpclassify.o)
    0x0801231e   0x00000026   Code   RO        10095    i.__ARM_fpclassifyf  m_wv.l(fpclassifyf.o)
    0x08012344   0x00000124   Code   RO         9814    i.__hardfp_acosf    m_wv.l(acosf.o)
    0x08012468   0x00000258   Code   RO         9878    i.__hardfp_atan2f   m_wv.l(atan2f.o)
    0x080126c0   0x000000b0   Code   RO         9896    i.__hardfp_cos      m_wv.l(cos.o)
    0x08012770   0x00000150   Code   RO         9908    i.__hardfp_cosf     m_wv.l(cosf.o)
    0x080128c0   0x00000014   Code   RO         9920    i.__hardfp_fabs     m_wv.l(fabs.o)
    0x080128d4   0x00000004   PAD
    0x080128d8   0x0000023c   Code   RO         9932    i.__hardfp_log      m_wv.l(log.o)
    0x08012b14   0x00000194   Code   RO         9972    i.__hardfp_sinf     m_wv.l(sinf.o)
    0x08012ca8   0x00000066   Code   RO         9984    i.__hardfp_sqrt     m_wv.l(sqrt.o)
    0x08012d0e   0x0000003a   Code   RO         9996    i.__hardfp_sqrtf    m_wv.l(sqrtf.o)
    0x08012d48   0x00000310   Code   RO        10114    i.__ieee754_rem_pio2  m_wv.l(rred.o)
    0x08013058   0x000000e0   Code   RO        10076    i.__kernel_cos      m_wv.l(cos_i.o)
    0x08013138   0x00000070   Code   RO        10111    i.__kernel_poly     m_wv.l(poly.o)
    0x080131a8   0x000000a8   Code   RO        10122    i.__kernel_sin      m_wv.l(sin_i.o)
    0x08013250   0x00000020   Code   RO        10079    i.__mathlib_dbl_divzero  m_wv.l(dunder.o)
    0x08013270   0x00000006   Code   RO        10080    i.__mathlib_dbl_infnan  m_wv.l(dunder.o)
    0x08013276   0x00000002   PAD
    0x08013278   0x00000018   Code   RO        10082    i.__mathlib_dbl_invalid  m_wv.l(dunder.o)
    0x08013290   0x00000018   Code   RO        10085    i.__mathlib_dbl_underflow  m_wv.l(dunder.o)
    0x080132a8   0x00000006   Code   RO        10098    i.__mathlib_flt_infnan  m_wv.l(funder.o)
    0x080132ae   0x00000006   Code   RO        10099    i.__mathlib_flt_infnan2  m_wv.l(funder.o)
    0x080132b4   0x00000010   Code   RO        10100    i.__mathlib_flt_invalid  m_wv.l(funder.o)
    0x080132c4   0x00000010   Code   RO        10103    i.__mathlib_flt_underflow  m_wv.l(funder.o)
    0x080132d4   0x00000154   Code   RO        10119    i.__mathlib_rredf2  m_wv.l(rredf.o)
    0x08013428   0x00000034   Code   RO         7110    i.__print_result_location  mpl.o
    0x0801345c   0x0000000e   Code   RO         9727    i._is_digit         c_w.l(__printf_wp.o)
    0x0801346a   0x00000004   Code   RO         4223    i._sys_exit         usart.o
    0x0801346e   0x00000002   PAD
    0x08013470   0x00000580   Code   RO         5397    i.accel_6500_self_test  inv_mpu.o
    0x080139f0   0x0000014c   Code   RO         5398    i.compass_self_test  inv_mpu.o
    0x08013b3c   0x0000019c   Code   RO         5163    i.data_write        data.o
    0x08013cd8   0x00000064   Code   RO         5861    i.decode_gesture    inv_mpu_dmp_motion_driver.o
    0x08013d3c   0x0000005c   Code   RO         4105    i.delay_init        delay.o
    0x08013d98   0x00000050   Code   RO         4106    i.delay_ms          delay.o
    0x08013de8   0x0000000a   Code   RO         4107    i.delay_osschedlock  delay.o
    0x08013df2   0x0000000a   Code   RO         4108    i.delay_osschedunlock  delay.o
    0x08013dfc   0x00000010   Code   RO         4109    i.delay_ostimedly   delay.o
    0x08013e0c   0x00000058   Code   RO         4110    i.delay_us          delay.o
    0x08013e64   0x0000003c   Code   RO         5862    i.dmp_enable_6x_lp_quat  inv_mpu_dmp_motion_driver.o
    0x08013ea0   0x0000021c   Code   RO         5863    i.dmp_enable_feature  inv_mpu_dmp_motion_driver.o
    0x080140bc   0x00000058   Code   RO         5864    i.dmp_enable_gyro_cal  inv_mpu_dmp_motion_driver.o
    0x08014114   0x0000003c   Code   RO         5865    i.dmp_enable_lp_quat  inv_mpu_dmp_motion_driver.o
    0x08014150   0x00000018   Code   RO         5870    i.dmp_load_motion_driver_firmware  inv_mpu_dmp_motion_driver.o
    0x08014168   0x000001cc   Code   RO         5871    i.dmp_read_fifo     inv_mpu_dmp_motion_driver.o
    0x08014334   0x00000130   Code   RO         5874    i.dmp_set_accel_bias  inv_mpu_dmp_motion_driver.o
    0x08014464   0x00000070   Code   RO         5875    i.dmp_set_fifo_rate  inv_mpu_dmp_motion_driver.o
    0x080144d4   0x00000130   Code   RO         5876    i.dmp_set_gyro_bias  inv_mpu_dmp_motion_driver.o
    0x08014604   0x00000138   Code   RO         5878    i.dmp_set_orientation  inv_mpu_dmp_motion_driver.o
    0x0801473c   0x00000038   Code   RO         5881    i.dmp_set_shake_reject_thresh  inv_mpu_dmp_motion_driver.o
    0x08014774   0x00000026   Code   RO         5882    i.dmp_set_shake_reject_time  inv_mpu_dmp_motion_driver.o
    0x0801479a   0x00000026   Code   RO         5883    i.dmp_set_shake_reject_timeout  inv_mpu_dmp_motion_driver.o
    0x080147c0   0x00000046   Code   RO         5884    i.dmp_set_tap_axes  inv_mpu_dmp_motion_driver.o
    0x08014806   0x00000026   Code   RO         5885    i.dmp_set_tap_count  inv_mpu_dmp_motion_driver.o
    0x0801482c   0x000001c0   Code   RO         5886    i.dmp_set_tap_thresh  inv_mpu_dmp_motion_driver.o
    0x080149ec   0x00000026   Code   RO         5887    i.dmp_set_tap_time  inv_mpu_dmp_motion_driver.o
    0x08014a12   0x00000026   Code   RO         5888    i.dmp_set_tap_time_multi  inv_mpu_dmp_motion_driver.o
    0x08014a38   0x00000018   Code   RO         9922    i.fabs              m_wv.l(fabs.o)
    0x08014a50   0x0000003c   Code   RO         5138    i.feed_back_send    feed_back.o
    0x08014a8c   0x0000001e   Code   RO            4    i.feed_back_task    main.o
    0x08014aaa   0x00000002   PAD
    0x08014aac   0x0000001c   Code   RO         4224    i.fputc             usart.o
    0x08014ac8   0x0000064c   Code   RO         5399    i.get_st_6500_biases  inv_mpu.o
    0x08015114   0x00000530   Code   RO         5401    i.gyro_6500_self_test  inv_mpu.o
    0x08015644   0x00000054   Code   RO            5    i.heart_beat_task   main.o
    0x08015698   0x00000128   Code   RO         5082    i.heart_run         heart_beat.o
    0x080157c0   0x0000006a   Code   RO         6177    i.inv_apply_calibration  data_builder.o
    0x0801582a   0x00000002   PAD
    0x0801582c   0x0000008c   Code   RO         6178    i.inv_build_accel   data_builder.o
    0x080158b8   0x000000b0   Code   RO         6179    i.inv_build_compass  data_builder.o
    0x08015968   0x00000038   Code   RO         6180    i.inv_build_gyro    data_builder.o
    0x080159a0   0x0000002c   Code   RO         6182    i.inv_build_temp    data_builder.o
    0x080159cc   0x000000b0   Code   RO         6753    i.inv_compass_angle  ml_math_func.o
    0x08015a7c   0x00000072   Code   RO         6755    i.inv_convert_to_body_with_scale  ml_math_func.o
    0x08015aee   0x00000002   PAD
    0x08015af0   0x00000050   Code   RO         6184    i.inv_db_load_func  data_builder.o
    0x08015b40   0x00000018   Code   RO         6185    i.inv_db_save_func  data_builder.o
    0x08015b58   0x00000010   Code   RO         6186    i.inv_disable_compass_soft_iron_matrix  data_builder.o
    0x08015b68   0x0000001c   Code   RO         6089    i.inv_enable_eMPL_outputs  empl_outputs.o
    0x08015b84   0x00000020   Code   RO         7148    i.inv_enable_results_holder  results_holder.o
    0x08015ba4   0x0000002c   Code   RO         7383    i.inv_execute_mpl_start_notification  start_manager.o
    0x08015bd0   0x000000a0   Code   RO         6188    i.inv_execute_on_data  data_builder.o
    0x08015c70   0x000000f0   Code   RO         6090    i.inv_generate_eMPL_outputs  empl_outputs.o
    0x08015d60   0x00000010   Code   RO         7149    i.inv_generate_results  results_holder.o
    0x08015d70   0x00000018   Code   RO         7150    i.inv_get_6axis_quaternion  results_holder.o
    0x08015d88   0x0000000c   Code   RO         7151    i.inv_get_acc_state  results_holder.o
    0x08015d94   0x0000000c   Code   RO         6189    i.inv_get_accel_accuracy  data_builder.o
    0x08015da0   0x00000010   Code   RO         6191    i.inv_get_accel_on  data_builder.o
    0x08015db0   0x0000002c   Code   RO         6195    i.inv_get_accel_set  data_builder.o
    0x08015ddc   0x00000018   Code   RO         6196    i.inv_get_compass_bias  data_builder.o
    0x08015df4   0x00000018   Code   RO         7155    i.inv_get_compass_correction  results_holder.o
    0x08015e0c   0x00000010   Code   RO         6198    i.inv_get_compass_on  data_builder.o
    0x08015e1c   0x0000001c   Code   RO         6205    i.inv_get_compass_soft_iron_output_data  data_builder.o
    0x08015e38   0x0000000c   Code   RO         7156    i.inv_get_compass_state  results_holder.o
    0x08015e44   0x00000060   Code   RO         7157    i.inv_get_gravity   results_holder.o
    0x08015ea4   0x00000010   Code   RO         6206    i.inv_get_gyro      data_builder.o
    0x08015eb4   0x0000000c   Code   RO         6207    i.inv_get_gyro_accuracy  data_builder.o
    0x08015ec0   0x00000024   Code   RO         6208    i.inv_get_gyro_bias  data_builder.o
    0x08015ee4   0x00000020   Code   RO         6209    i.inv_get_gyro_bias_tc_set  data_builder.o
    0x08015f04   0x00000010   Code   RO         6210    i.inv_get_gyro_on   data_builder.o
    0x08015f14   0x0000001c   Code   RO         6759    i.inv_get_gyro_sum_of_sqr  ml_math_func.o
    0x08015f30   0x0000000c   Code   RO         7160    i.inv_get_large_mag_field  results_holder.o
    0x08015f3c   0x00000068   Code   RO         6216    i.inv_get_last_timestamp  data_builder.o
    0x08015fa4   0x0000003c   Code   RO         7161    i.inv_get_linear_accel  results_holder.o
    0x08015fe0   0x00000044   Code   RO         7162    i.inv_get_linear_accel_float  results_holder.o
    0x08016024   0x00000010   Code   RO         7163    i.inv_get_local_field  results_holder.o
    0x08016034   0x0000001c   Code   RO         6217    i.inv_get_mag_accuracy  data_builder.o
    0x08016050   0x00000014   Code   RO         7165    i.inv_get_motion_state  results_holder.o
    0x08016064   0x0000003c   Code   RO         7166    i.inv_get_quaternion  results_holder.o
    0x080160a0   0x00000044   Code   RO         7168    i.inv_get_quaternion_set  results_holder.o
    0x080160e4   0x00000268   Code   RO         6093    i.inv_get_sensor_type_euler  empl_outputs.o
    0x0801634c   0x00000070   Code   RO         6629    i.inv_get_sensor_type_gravity  hal_outputs.o
    0x080163bc   0x0000000c   Code   RO         7170    i.inv_got_compass_bias  results_holder.o
    0x080163c8   0x0000003c   Code   RO         6220    i.inv_init_data_builder  data_builder.o
    0x08016404   0x00000014   Code   RO         6098    i.inv_init_eMPL_outputs  empl_outputs.o
    0x08016418   0x00000084   Code   RO         7112    i.inv_init_mpl      mpl.o
    0x0801649c   0x0000003c   Code   RO         7171    i.inv_init_results_holder  results_holder.o
    0x080164d8   0x00000014   Code   RO         7384    i.inv_init_start_manager  start_manager.o
    0x080164ec   0x00000018   Code   RO         7417    i.inv_init_storage_manager  storage_manager.o
    0x08016504   0x00000028   Code   RO         6768    i.inv_orientation_matrix_to_scalar  ml_math_func.o
    0x0801652c   0x00000012   Code   RO         6769    i.inv_q29_mult      ml_math_func.o
    0x0801653e   0x00000012   Code   RO         6771    i.inv_q30_mult      ml_math_func.o
    0x08016550   0x00000018   Code   RO         6773    i.inv_q30_to_float  ml_math_func.o
    0x08016568   0x00000024   Code   RO         6774    i.inv_q_add         ml_math_func.o
    0x0801658c   0x00000042   Code   RO         6775    i.inv_q_addf        ml_math_func.o
    0x080165ce   0x00000018   Code   RO         6776    i.inv_q_invert      ml_math_func.o
    0x080165e6   0x0000002e   Code   RO         6777    i.inv_q_invertf     ml_math_func.o
    0x08016614   0x000000b2   Code   RO         6778    i.inv_q_mult        ml_math_func.o
    0x080166c6   0x000000d2   Code   RO         6779    i.inv_q_multf       ml_math_func.o
    0x08016798   0x000000a8   Code   RO         6780    i.inv_q_norm4       ml_math_func.o
    0x08016840   0x00000134   Code   RO         6782    i.inv_q_normalizef  ml_math_func.o
    0x08016974   0x00000042   Code   RO         6783    i.inv_q_rotate      ml_math_func.o
    0x080169b6   0x000000da   Code   RO         6785    i.inv_quaternion_to_rotation  ml_math_func.o
    0x08016a90   0x000000f8   Code   RO         6223    i.inv_register_data_cb  data_builder.o
    0x08016b88   0x00000090   Code   RO         7419    i.inv_register_load_store  storage_manager.o
    0x08016c18   0x0000002c   Code   RO         7385    i.inv_register_mpl_start_notification  start_manager.o
    0x08016c44   0x00000058   Code   RO         6224    i.inv_reset_compass_soft_iron_matrix  data_builder.o
    0x08016c9c   0x0000004e   Code   RO         6787    i.inv_row_2_scale   ml_math_func.o
    0x08016cea   0x00000002   PAD
    0x08016cec   0x00000024   Code   RO         6225    i.inv_set_accel_accuracy  data_builder.o
    0x08016d10   0x0000000c   Code   RO         7174    i.inv_set_accel_bias_found  results_holder.o
    0x08016d1c   0x00000060   Code   RO         6228    i.inv_set_accel_bias_mask  data_builder.o
    0x08016d7c   0x00000018   Code   RO         6229    i.inv_set_accel_orientation_and_scale  data_builder.o
    0x08016d94   0x0000002c   Code   RO         6230    i.inv_set_accel_sample_rate  data_builder.o
    0x08016dc0   0x0000004c   Code   RO         6232    i.inv_set_compass_bias  data_builder.o
    0x08016e0c   0x00000014   Code   RO         7175    i.inv_set_compass_bias_error  results_holder.o
    0x08016e20   0x0000000c   Code   RO         7176    i.inv_set_compass_bias_found  results_holder.o
    0x08016e2c   0x00000024   Code   RO         7177    i.inv_set_compass_correction  results_holder.o
    0x08016e50   0x0000000c   Code   RO         6233    i.inv_set_compass_disturbance  data_builder.o
    0x08016e5c   0x00000018   Code   RO         6234    i.inv_set_compass_orientation_and_scale  data_builder.o
    0x08016e74   0x00000030   Code   RO         6235    i.inv_set_compass_sample_rate  data_builder.o
    0x08016ea4   0x00000054   Code   RO         6236    i.inv_set_compass_soft_iron_input_data  data_builder.o
    0x08016ef8   0x0000000c   Code   RO         7178    i.inv_set_compass_state  results_holder.o
    0x08016f04   0x00000120   Code   RO         6239    i.inv_set_contiguous  data_builder.o
    0x08017024   0x00000074   Code   RO         6241    i.inv_set_gyro_bias  data_builder.o
    0x08017098   0x00000018   Code   RO         6242    i.inv_set_gyro_orientation_and_scale  data_builder.o
    0x080170b0   0x00000028   Code   RO         6243    i.inv_set_gyro_sample_rate  data_builder.o
    0x080170d8   0x0000001c   Code   RO         6728    i.inv_set_message   message_layer.o
    0x080170f4   0x00000050   Code   RO         7183    i.inv_set_motion_state  results_holder.o
    0x08017144   0x00000014   Code   RO         6099    i.inv_start_eMPL_outputs  empl_outputs.o
    0x08017158   0x00000040   Code   RO         7113    i.inv_start_mpl     mpl.o
    0x08017198   0x00000018   Code   RO         7184    i.inv_start_results_holder  results_holder.o
    0x080171b0   0x00000024   Code   RO         7185    i.inv_store_gaming_quaternion  results_holder.o
    0x080171d4   0x00000064   Code   RO         6246    i.inv_unregister_data_cb  data_builder.o
    0x08017238   0x00000060   Code   RO         7386    i.inv_unregister_mpl_start_notification  start_manager.o
    0x08017298   0x000002c8   Code   RO            6    i.main              main.o
    0x08017560   0x00000002   Code   RO         5403    i.mget_ms           inv_mpu.o
    0x08017562   0x0000003e   Code   RO         6792    i.mlMatrixVectorMult  ml_math_func.o
    0x080175a0   0x0000031c   Code   RO         4823    i.mpu9250_run       mpu9250.o
    0x080178bc   0x0000001e   Code   RO            8    i.mpu9250_task      main.o
    0x080178da   0x00000002   PAD
    0x080178dc   0x00000070   Code   RO         5404    i.mpu_configure_fifo  inv_mpu.o
    0x0801794c   0x0000016c   Code   RO         5406    i.mpu_dmp_init      inv_mpu.o
    0x08017ab8   0x0000004c   Code   RO         5407    i.mpu_get_accel_fsr  inv_mpu.o
    0x08017b04   0x00000054   Code   RO         5409    i.mpu_get_accel_sens  inv_mpu.o
    0x08017b58   0x00000014   Code   RO         5410    i.mpu_get_compass_fsr  inv_mpu.o
    0x08017b6c   0x000000d0   Code   RO         5411    i.mpu_get_compass_reg  inv_mpu.o
    0x08017c3c   0x00000010   Code   RO         5414    i.mpu_get_fifo_config  inv_mpu.o
    0x08017c4c   0x00000044   Code   RO         5415    i.mpu_get_gyro_fsr  inv_mpu.o
    0x08017c90   0x00000060   Code   RO         5417    i.mpu_get_gyro_sens  inv_mpu.o
    0x08017cf0   0x00000050   Code   RO         5419    i.mpu_get_lpf       inv_mpu.o
    0x08017d40   0x00000020   Code   RO         5421    i.mpu_get_sample_rate  inv_mpu.o
    0x08017d60   0x0000009c   Code   RO         5422    i.mpu_get_temperature  inv_mpu.o
    0x08017dfc   0x0000012c   Code   RO         5423    i.mpu_init          inv_mpu.o
    0x08017f28   0x000000b8   Code   RO         5424    i.mpu_load_firmware  inv_mpu.o
    0x08017fe0   0x0000011c   Code   RO         5425    i.mpu_lp_accel_mode  inv_mpu.o
    0x080180fc   0x000000f0   Code   RO         5427    i.mpu_mpl_get_data  inv_mpu.o
    0x080181ec   0x000000c0   Code   RO         5432    i.mpu_read_fifo_stream  inv_mpu.o
    0x080182ac   0x00000080   Code   RO         5433    i.mpu_read_mem      inv_mpu.o
    0x0801832c   0x000001c8   Code   RO         5436    i.mpu_reset_fifo    inv_mpu.o
    0x080184f4   0x0000029c   Code   RO         5437    i.mpu_run_6500_self_test  inv_mpu.o
    0x08018790   0x00000084   Code   RO         5441    i.mpu_set_accel_fsr  inv_mpu.o
    0x08018814   0x0000014c   Code   RO         5442    i.mpu_set_bypass    inv_mpu.o
    0x08018960   0x00000060   Code   RO         5443    i.mpu_set_compass_sample_rate  inv_mpu.o
    0x080189c0   0x00000090   Code   RO         5444    i.mpu_set_dmp_state  inv_mpu.o
    0x08018a50   0x00000088   Code   RO         5446    i.mpu_set_gyro_fsr  inv_mpu.o
    0x08018ad8   0x0000006c   Code   RO         5447    i.mpu_set_int_latched  inv_mpu.o
    0x08018b44   0x00000084   Code   RO         5449    i.mpu_set_lpf       inv_mpu.o
    0x08018bc8   0x000000b4   Code   RO         5450    i.mpu_set_sample_rate  inv_mpu.o
    0x08018c7c   0x00000168   Code   RO         5451    i.mpu_set_sensors   inv_mpu.o
    0x08018de4   0x00000080   Code   RO         5452    i.mpu_write_mem     inv_mpu.o
    0x08018e64   0x0000016c   Code   RO         5110    i.re_an             re_an..o
    0x08018fd0   0x00000006   Code   RO         5194    i.read_addr         usmart.o
    0x08018fd6   0x00000002   PAD
    0x08018fd8   0x00000030   Code   RO            9    i.receive_task      main.o
    0x08019008   0x0000009c   Code   RO         5453    i.run_self_test     inv_mpu.o
    0x080190a4   0x00000090   Code   RO         5454    i.set_int_enable    inv_mpu.o
    0x08019134   0x00000006   Code   RO         6247    i.set_sensor_orientation_and_scale  data_builder.o
    0x0801913a   0x00000002   PAD
    0x0801913c   0x00000254   Code   RO         5455    i.setup_compass     inv_mpu.o
    0x08019390   0x0000003e   Code   RO         9998    i.sqrtf             m_wv.l(sqrtf.o)
    0x080193ce   0x00000002   PAD
    0x080193d0   0x000001cc   Code   RO           10    i.start_task        main.o
    0x0801959c   0x00000048   Code   RO           11    i.tmr1_callback     main.o
    0x080195e4   0x0000007c   Code   RO           12    i.tmr2_callback     main.o
    0x08019660   0x0000002c   Code   RO         4225    i.uart_init         usart.o
    0x0801968c   0x000000b0   Code   RO         5195    i.usmart_cmd_rec    usmart.o
    0x0801973c   0x000002d4   Code   RO         5196    i.usmart_exe        usmart.o
    0x08019a10   0x000000d4   Code   RO         5288    i.usmart_get_aparm  usmart_str.o
    0x08019ae4   0x00000036   Code   RO         5289    i.usmart_get_cmdname  usmart_str.o
    0x08019b1a   0x00000002   PAD
    0x08019b1c   0x000001c0   Code   RO         5290    i.usmart_get_fname  usmart_str.o
    0x08019cdc   0x0000010c   Code   RO         5291    i.usmart_get_fparam  usmart_str.o
    0x08019de8   0x00000020   Code   RO         5292    i.usmart_get_parmpos  usmart_str.o
    0x08019e08   0x00000044   Code   RO         5197    i.usmart_get_runtime  usmart.o
    0x08019e4c   0x00000028   Code   RO         5198    i.usmart_init       usmart.o
    0x08019e74   0x00000016   Code   RO         5293    i.usmart_pow        usmart_str.o
    0x08019e8a   0x00000002   PAD
    0x08019e8c   0x00000034   Code   RO         5199    i.usmart_reset_runtime  usmart.o
    0x08019ec0   0x000000bc   Code   RO         5200    i.usmart_scan       usmart.o
    0x08019f7c   0x00000016   Code   RO         5294    i.usmart_search_nextc  usmart_str.o
    0x08019f92   0x00000106   Code   RO         5295    i.usmart_str2num    usmart_str.o
    0x0801a098   0x00000022   Code   RO         5296    i.usmart_strcmp     usmart_str.o
    0x0801a0ba   0x00000016   Code   RO         5297    i.usmart_strcopy    usmart_str.o
    0x0801a0d0   0x00000018   Code   RO         5298    i.usmart_strlen     usmart_str.o
    0x0801a0e8   0x000006f4   Code   RO         5201    i.usmart_sys_cmd_exe  usmart.o
    0x0801a7dc   0x00000004   Code   RO         5202    i.write_addr        usmart.o
    0x0801a7e0   0x0000002c   Code   RO        10198    locale$$code        c_w.l(lc_numeric_c.o)
    0x0801a80c   0x0000002c   Code   RO        10277    locale$$code        c_w.l(lc_ctype_c.o)
    0x0801a838   0x0000000e   Code   RO         9762    x$fpl$d2f           fz_wv.l(d2f.o)
    0x0801a846   0x00000012   Code   RO         9764    x$fpl$dadd          fz_wv.l(daddsub.o)
    0x0801a858   0x00000018   Code   RO        10061    x$fpl$dcmpinf       fz_wv.l(dcmpi.o)
    0x0801a870   0x00000012   Code   RO         9770    x$fpl$ddiv          fz_wv.l(ddiv.o)
    0x0801a882   0x00000002   PAD
    0x0801a884   0x00000030   Code   RO         9774    x$fpl$deqf          fz_wv.l(deqf.o)
    0x0801a8b4   0x0000000e   Code   RO         9776    x$fpl$dfix          fz_wv.l(dfix.o)
    0x0801a8c2   0x0000000e   Code   RO         9781    x$fpl$dflt          fz_wv.l(dflt.o)
    0x0801a8d0   0x00000030   Code   RO         9784    x$fpl$dleqf         fz_wv.l(dleqf.o)
    0x0801a900   0x00000012   Code   RO         9786    x$fpl$dmul          fz_wv.l(dmul.o)
    0x0801a912   0x0000009c   Code   RO        10063    x$fpl$dnaninf       fz_wv.l(dnaninf.o)
    0x0801a9ae   0x00000022   Code   RO         9788    x$fpl$drleqf        fz_wv.l(drleqf.o)
    0x0801a9d0   0x00000012   Code   RO         9766    x$fpl$drsb          fz_wv.l(daddsub.o)
    0x0801a9e2   0x00000012   Code   RO         9765    x$fpl$dsub          fz_wv.l(daddsub.o)
    0x0801a9f4   0x0000000e   Code   RO         9790    x$fpl$f2d           fz_wv.l(f2d.o)
    0x0801aa02   0x00000060   Code   RO         9796    x$fpl$ffltll        fz_wv.l(ffltll_clz.o)
    0x0801aa62   0x0000008c   Code   RO        10065    x$fpl$fnaninf       fz_wv.l(fnaninf.o)
    0x0801aaee   0x0000000a   Code   RO        10285    x$fpl$fpinit        fz_wv.l(fpinit.o)
    0x0801aaf8   0x00000086   Code   RO         9792    x$fpl$llsfromf      fz_wv.l(ffixll.o)
    0x0801ab7e   0x00000004   Code   RO         9798    x$fpl$printf1       fz_wv.l(printf1.o)
    0x0801ab82   0x00000004   Code   RO        10067    x$fpl$printf2       fz_wv.l(printf2.o)
    0x0801ab86   0x00000000   Code   RO        10075    x$fpl$usenofp       fz_wv.l(usenofp.o)
    0x0801ab86   0x00000018   Data   RO          526    .constdata          system_stm32f7xx.o
    0x0801ab9e   0x00000008   Data   RO         1003    .constdata          stm32f7xx_hal_dma.o
    0x0801aba6   0x00004740   Data   RO         4429    .constdata          lcd.o
    0x0801f2e6   0x00000002   PAD
    0x0801f2e8   0x00000040   Data   RO         4956    .constdata          crc.o
    0x0801f328   0x00000268   Data   RO         5456    .constdata          inv_mpu.o
    0x0801f590   0x00000bf6   Data   RO         5890    .constdata          inv_mpu_dmp_motion_driver.o
    0x08020186   0x0000002f   Data   RO         7114    .constdata          mpl.o
    0x080201b5   0x00000003   PAD
    0x080201b8   0x00000094   Data   RO         8214    .constdata          os_cfg_app.o
    0x0802024c   0x0000016c   Data   RO         8440    .constdata          os_dbg.o
    0x080203b8   0x00000028   Data   RO         9715    .constdata          c_w.l(_printf_hex_int_ll_ptr.o)
    0x080203e0   0x00000011   Data   RO         9735    .constdata          c_w.l(__printf_flags_ss_wp.o)
    0x080203f1   0x00000007   PAD
    0x080203f8   0x00000038   Data   RO         9935    .constdata          m_wv.l(log.o)
    0x08020430   0x00000008   Data   RO        10034    .constdata          c_w.l(_printf_wctomb.o)
    0x08020438   0x00000030   Data   RO        10077    .constdata          m_wv.l(cos_i.o)
    0x08020468   0x00000008   Data   RO        10113    .constdata          m_wv.l(qnan.o)
    0x08020470   0x000000c8   Data   RO        10116    .constdata          m_wv.l(rred.o)
    0x08020538   0x00000020   Data   RO        10120    .constdata          m_wv.l(rredf.o)
    0x08020558   0x00000028   Data   RO        10123    .constdata          m_wv.l(sin_i.o)
    0x08020580   0x00000026   Data   RO        10158    .constdata          c_w.l(_printf_fp_hex.o)
    0x080205a6   0x00000002   PAD
    0x080205a8   0x00000094   Data   RO        10167    .constdata          c_w.l(bigflt0.o)
    0x0802063c   0x00000028   Data   RO         5204    .conststring        usmart.o
    0x08020664   0x000000ac   Data   RO         5372    .conststring        usmart_config.o
    0x08020710   0x00000009   Data   RO         5457    .conststring        inv_mpu.o
    0x08020719   0x00000003   PAD
    0x0802071c   0x00000044   Data   RO         6249    .conststring        data_builder.o
    0x08020760   0x00000020   Data   RO        10351    Region$$Table       anon$$obj.o
    0x08020780   0x0000001c   Data   RO        10197    locale$$data        c_w.l(lc_numeric_c.o)
    0x0802079c   0x00000110   Data   RO        10276    locale$$data        c_w.l(lc_ctype_c.o)


    Execution Region RW_IRAM1 (Base: 0x20020000, Size: 0x00006918, Max: 0x00060000, ABSOLUTE, COMPRESSED[0x000000b8])

    Base Addr    Size         Type   Attr      Idx    E Section Name        Object

    0x20020000   0x000000ab   Data   RW           18    .data               main.o
    0x200200ab   0x00000001   PAD
    0x200200ac   0x00000004   Data   RW          527    .data               system_stm32f7xx.o
    0x200200b0   0x00000004   Data   RW          714    .data               stm32f7xx_hal.o
    0x200200b4   0x00000006   Data   RW         4111    .data               delay.o
    0x200200ba   0x00000002   PAD
    0x200200bc   0x00000007   Data   RW         4227    .data               usart.o
    0x200200c3   0x00000001   Data   RW         4306    .data               key.o
    0x200200c4   0x00000008   Data   RW         4430    .data               lcd.o
    0x200200cc   0x00000008   Data   RW         4642    .data               ltdc.o
    0x200200d4   0x0000001e   Data   RW         4824    .data               mpu9250.o
    0x200200f2   0x00000002   Data   RW         5165    .data               data.o
    0x200200f4   0x0000001c   Data   RW         5205    .data               usmart.o
    0x20020110   0x0000011c   Data   RW         5373    .data               usmart_config.o
    0x2002022c   0x0000004e   Data   RW         5458    .data               inv_mpu.o
    0x2002027a   0x00000002   PAD
    0x2002027c   0x00000004   Data   RW         6729    .data               message_layer.o
    0x20020280   0x0000001c   Data   RW         7593    .data               cpu_core.o
    0x2002029c   0x00000008   Data   RW         8710    .data               os_prio.o
    0x200202a4   0x000000bc   Data   RW         9256    .data               os_var.o
    0x20020360   0x00000004   Data   RW         9283    .data               os_cpu_c.o
    0x20020364   0x00000010   Data   RW         9440    .data               libmpllib.lib(compass_vec_cal.o)
    0x20020374   0x00002f0a   Zero   RW           16    .bss                main.o
    0x2002327e   0x00000002   PAD
    0x20023280   0x00000138   Zero   RW         4226    .bss                usart.o
    0x200233b8   0x00000034   Zero   RW         4341    .bss                sdram.o
    0x200233ec   0x0000005a   Zero   RW         4428    .bss                lcd.o
    0x20023446   0x00000002   PAD
    0x20023448   0x00000120   Zero   RW         4641    .bss                ltdc.o
    0x20023568   0x00000060   Zero   RW         5053    .bss                dma.o
    0x200235c8   0x0000000c   Zero   RW         5083    .bss                heart_beat.o
    0x200235d4   0x00000072   Zero   RW         5111    .bss                re_an..o
    0x20023646   0x0000006a   Zero   RW         5164    .bss                data.o
    0x200236b0   0x0000003c   Zero   RW         5203    .bss                usmart.o
    0x200236ec   0x00000010   Zero   RW         5889    .bss                inv_mpu_dmp_motion_driver.o
    0x200236fc   0x00000028   Zero   RW         6101    .bss                empl_outputs.o
    0x20023724   0x000002d8   Zero   RW         6248    .bss                data_builder.o
    0x200239fc   0x000000c4   Zero   RW         6639    .bss                hal_outputs.o
    0x20023ac0   0x00000088   Zero   RW         7186    .bss                results_holder.o
    0x20023b48   0x00000054   Zero   RW         7387    .bss                start_manager.o
    0x20023b9c   0x00000198   Zero   RW         7421    .bss                storage_manager.o
    0x20023d34   0x00000010   Zero   RW         7591    .bss                cpu_core.o
    0x20023d44   0x00000f60   Zero   RW         8213    .bss                os_cfg_app.o
    0x20024ca4   0x0000063c   Zero   RW         9255    .bss                os_var.o
    0x200252e0   0x00000460   Zero   RW         9439    .bss                libmpllib.lib(compass_vec_cal.o)
    0x20025740   0x000002a0   Zero   RW         9529    .bss                libmpllib.lib(fast_no_motion.o)
    0x200259e0   0x00000138   Zero   RW         9562    .bss                libmpllib.lib(fusion_9axis.o)
    0x20025b18   0x000001c4   Zero   RW         9584    .bss                libmpllib.lib(gyro_tc.o)
    0x20025cdc   0x000000b8   Zero   RW         9602    .bss                libmpllib.lib(mag_disturb.o)
    0x20025d94   0x0000006c   Zero   RW         9624    .bss                libmpllib.lib(quaternion_supervisor.o)
    0x20025e00   0x000004b8   Zero   RW         9642    .bss                libmpllib.lib(accel_auto_cal.o)
    0x200262b8   0x00000060   Zero   RW        10205    .bss                c_w.l(libspace.o)
    0x20026318   0x00000200   Zero   RW          680    HEAP                startup_stm32f767xx.o
    0x20026518   0x00000400   Zero   RW          679    STACK               startup_stm32f767xx.o



  Load Region LR$$.ARM.__AT_0xC0000000 (Base: 0xc0000000, Size: 0x00000000, Max: 0x001f4000, ABSOLUTE)

    Execution Region ER$$.ARM.__AT_0xC0000000 (Base: 0xc0000000, Size: 0x001f4000, Max: 0x001f4000, ABSOLUTE, UNINIT)

    Base Addr    Size         Type   Attr      Idx    E Section Name        Object

    0xc0000000   0x001f4000   Zero   RW         4640    .ARM.__AT_0xC0000000  ltdc.o


==============================================================================

Image component sizes


      Code (inc. data)   RO Data    RW Data    ZI Data      Debug   Object Name

        76         14          0          0          0      11226   bsp.o
        52          0          0          0          0        340   cpu_a.o
       540         98          0         28         16       9484   cpu_core.o
        68          6         64          0          0       1216   crc.o
       412         14          0          2        106       1075   data.o
      2600        286         68          0        728      26612   data_builder.o
       328         40          0          6          0       4205   delay.o
       160         16          0          0         96       1296   dma.o
       924         48          0          0         40       7282   empl_outputs.o
        60         14          0          0          0        545   feed_back.o
       112          8          0          0        196       2034   hal_outputs.o
       296         14          0          0         12        942   heart_beat.o
     11090       1552        625         78          0      44872   inv_mpu.o
      3128        138       3062          0         16      21266   inv_mpu_dmp_motion_driver.o
       376         34          0          1          0       1738   key.o
     12374        212      18240          8         90      28830   lcd.o
        88         10          0          0          0        891   led.o
       102          0          0          0          0      12844   lib_mem.o
       202         10          0          0          0       1142   log_stm32.o
      1874        130          0          8    2048288       9958   ltdc.o
      1560        444          0        171      12042     499826   main.o
        28          4          0          4          0       1238   message_layer.o
      1878         24          0          0          0      14165   ml_math_func.o
       248         76         47          0          0       2552   mpl.o
       352         62          0          0          0      33680   mpu.o
      1772         88          0         30          0      10207   mpu9250.o
       760         52          0          0          0       5022   myiic.o
         2          0        148          0       3936      19209   os_cfg_app.o
      2446        316          0          0          0      18419   os_core.o
       280         14          0          0          0        432   os_cpu_a.o
      1052        156          0          4          0      25668   os_cpu_c.o
       424        278        364          0          0       4793   os_dbg.o
        24         10          0          0          0        910   os_flag.o
        24         10          0          0          0        913   os_mem.o
       174         18          0          0          0       2308   os_msg.o
      1228         56          0          0          0       7227   os_mutex.o
       136         16          0          8          0       2998   os_prio.o
        24         10          0          0          0        911   os_q.o
        24         10          0          0          0        905   os_sem.o
      1592        196          0          0          0       4107   os_stat.o
      3202        154          0          0          0      13849   os_task.o
      1162         88          0          0          0       5995   os_tick.o
       520         40          0          0          0       2773   os_time.o
       920        176          0          0          0       6047   os_tmr.o
         0          0          0        188       1596      17786   os_var.o
       364         18          0          0        114       1727   re_an..o
       824        128          0          0        136      15901   results_holder.o
       544         44          0          0         52       3574   sdram.o
       204         20          0          0         84       3360   start_manager.o
       104         34        504          0       1536        852   startup_stm32f767xx.o
       110         20          0          4          0       3829   stm32f7xx_hal.o
       430         26          0          0          0      37556   stm32f7xx_hal_cortex.o
       608         10          8          0          0       4255   stm32f7xx_hal_dma.o
       572         52          0          0          0       3784   stm32f7xx_hal_gpio.o
      1144          6          0          0          0       4657   stm32f7xx_hal_ltdc.o
       144          8          0          0          0       1312   stm32f7xx_hal_pwr_ex.o
       716         50          0          0          0       4120   stm32f7xx_hal_rcc.o
      3664         32          0          0          0       3748   stm32f7xx_hal_rcc_ex.o
       162          0          0          0          0       2732   stm32f7xx_hal_sdram.o
        88          0          0          0          0       1204   stm32f7xx_hal_sram.o
       306         44          0          0          0       3132   stm32f7xx_hal_tim.o
      2642         54          0          0          0      12747   stm32f7xx_hal_uart.o
        18          0          0          0          0       2779   stm32f7xx_it.o
       662         14          0          0          0       5896   stm32f7xx_ll_fmc.o
       168         10          0          0        408       2477   storage_manager.o
       456         26          0          0          0      34021   sys.o
       100         18         24          4          0       1143   system_stm32f7xx.o
       404         42          0          7        312       4947   usart.o
      3198       1354         40         28         60       8047   usmart.o
         0          0        172        284          0       1592   usmart_config.o
      1400         20          0          0          0       9013   usmart_str.o

    ----------------------------------------------------------------------
     73776       6972      23406        868    2069868    1068143   Object Totals
         0          0         32          0          0          0   (incl. Generated)
        50          0          8          5          4          0   (incl. Padding)

    ----------------------------------------------------------------------

      Code (inc. data)   RO Data    RW Data    ZI Data      Debug   Library Member Name

        24          4          0          0          0         84   __2printf.o
        90          0          0          0          0          0   __dczerorl2.o
         8          0          0          0          0         68   __main.o
       392          4         17          0          0         92   __printf_flags_ss_wp.o
        14          0          0          0          0         68   __printf_wp.o
         0          0          0          0          0          0   __rtentry.o
        12          0          0          0          0          0   __rtentry2.o
         6          0          0          0          0          0   __rtentry4.o
        52          8          0          0          0          0   __scatter.o
        28          0          0          0          0          0   __scatter_zi.o
         6          0          0          0          0          0   _printf_a.o
         6          0          0          0          0          0   _printf_c.o
        44          0          0          0          0        108   _printf_char.o
        48          6          0          0          0         96   _printf_char_common.o
        36          4          0          0          0         80   _printf_char_file.o
        40          0          0          0          0         68   _printf_charcount.o
         6          0          0          0          0          0   _printf_d.o
       120         16          0          0          0         92   _printf_dec.o
         6          0          0          0          0          0   _printf_e.o
         6          0          0          0          0          0   _printf_f.o
      1050          0          0          0          0        216   _printf_fp_dec.o
       764         10         38          0          0        100   _printf_fp_hex.o
       128         16          0          0          0         84   _printf_fp_infnan.o
         6          0          0          0          0          0   _printf_g.o
       148          4         40          0          0        160   _printf_hex_int_ll_ptr.o
         6          0          0          0          0          0   _printf_i.o
       178          0          0          0          0         88   _printf_intcommon.o
        10          0          0          0          0          0   _printf_l.o
         6          0          0          0          0          0   _printf_lc.o
        10          0          0          0          0          0   _printf_ll.o
         6          0          0          0          0          0   _printf_lld.o
         6          0          0          0          0          0   _printf_lli.o
         6          0          0          0          0          0   _printf_llo.o
         6          0          0          0          0          0   _printf_llu.o
         6          0          0          0          0          0   _printf_llx.o
       124         16          0          0          0         92   _printf_longlong_dec.o
         6          0          0          0          0          0   _printf_ls.o
         6          0          0          0          0          0   _printf_n.o
         6          0          0          0          0          0   _printf_o.o
       112          8          0          0          0        124   _printf_oct_int_ll.o
         6          0          0          0          0          0   _printf_p.o
        78          0          0          0          0        108   _printf_pad.o
         0          0          0          0          0          0   _printf_percent.o
         4          0          0          0          0          0   _printf_percent_end.o
         6          0          0          0          0          0   _printf_s.o
        82          0          0          0          0         80   _printf_str.o
        36          0          0          0          0         84   _printf_truncate.o
         6          0          0          0          0          0   _printf_u.o
        44          0          0          0          0        108   _printf_wchar.o
       188          6          8          0          0         92   _printf_wctomb.o
         6          0          0          0          0          0   _printf_x.o
        22          0          0          0          0        100   _rserrno.o
        10          0          0          0          0         68   _sputc.o
        64          0          0          0          0         92   _wcrtomb.o
        16          0          0          0          0         68   aeabi_memset.o
       220          4        148          0          0         96   bigflt0.o
      1910        128          0          0          0        672   btod.o
        12          0          0          0          0         72   exit.o
         8          0          0          0          0         68   ferror.o
         6          0          0          0          0        152   heapauxi.o
        44         10        272          0          0         76   lc_ctype_c.o
        44         10         28          0          0         76   lc_numeric_c.o
         2          0          0          0          0          0   libinit.o
        34          0          0          0          0          0   libinit2.o
         2          0          0          0          0          0   libshutdown.o
         2          0          0          0          0          0   libshutdown2.o
         8          4          0          0         96         68   libspace.o
        72          0          0          0          0         76   llsdiv.o
        38          0          0          0          0         68   llshl.o
        38          0          0          0          0         68   llsshr.o
       138          0          0          0          0         80   lludiv10.o
       238          0          0          0          0        100   lludivv7m.o
        88          0          0          0          0         76   memcmp.o
        16          4          0          0          0         76   rt_ctype_table.o
         8          4          0          0          0         68   rt_errno_addr_intlibspace.o
         8          4          0          0          0         68   rt_locale_intlibspace.o
        68          0          0          0          0         68   rt_memclr.o
        78          0          0          0          0         80   rt_memclr_w.o
       138          0          0          0          0         68   rt_memcpy_v6.o
       100          0          0          0          0         80   rt_memcpy_w.o
       122          0          0          0          0         80   rt_memmove_w.o
         2          0          0          0          0          0   rtexit.o
        10          0          0          0          0          0   rtexit2.o
       104          0          0          0          0         68   strcmpv7m_pel.o
        74          0          0          0          0         80   sys_stackheap_outer.o
         2          0          0          0          0         68   use_no_semi.o
         2          0          0          0          0         68   use_no_semi_2.o
        36          4          0          0          0         76   vsprintf.o
        14          0          0          0          0        116   d2f.o
        54          0          0          0          0        348   daddsub.o
        24          0          0          0          0        116   dcmpi.o
        18          0          0          0          0        116   ddiv.o
        48          4          0          0          0        140   deqf.o
        14          0          0          0          0        116   dfix.o
        14          0          0          0          0        116   dflt.o
        48          4          0          0          0        140   dleqf.o
        18          0          0          0          0        116   dmul.o
       156          4          0          0          0        140   dnaninf.o
        34          0          0          0          0        128   drleqf.o
        14          0          0          0          0        116   f2d.o
       134          4          0          0          0        132   ffixll.o
        96          0          0          0          0        132   ffltll_clz.o
       140          4          0          0          0        132   fnaninf.o
        10          0          0          0          0        116   fpinit.o
         4          0          0          0          0        116   printf1.o
         4          0          0          0          0        116   printf2.o
         0          0          0          0          0          0   usenofp.o
      3140        190          0          0       1208       9672   accel_auto_cal.o
      9456        298          0         16       1120      19892   compass_vec_cal.o
      2584         42          0          0        672      13744   fast_no_motion.o
      1712         72          0          0        312       5636   fusion_9axis.o
      1220         32          0          0        452       5735   gyro_tc.o
      1472         48          0          0        184       7614   mag_disturb.o
      2452        130          0          0        108       5637   quaternion_supervisor.o
       292         58          0          0          0        176   acosf.o
       600         98          0          0          0        184   atan2f.o
       176         18          0          0          0        156   cos.o
       224         42         48          0          0        184   cos_i.o
       336         60          0          0          0        136   cosf.o
        86         46          0          0          0        464   dunder.o
        44          0          0          0          0        248   fabs.o
        48          0          0          0          0        124   fpclassify.o
        38          0          0          0          0        116   fpclassifyf.o
        44         12          0          0          0        464   funder.o
       572         92         56          0          0        312   log.o
       112          0          0          0          0        116   poly.o
         0          0          8          0          0          0   qnan.o
       784        138        200          0          0        172   rred.o
       340         24         32          0          0        160   rredf.o
       168         24         40          0          0        196   sin_i.o
       404         60          0          0          0        212   sinf.o
       102          0          0          0          0        140   sqrt.o
       120          0          0          0          0        272   sqrtf.o

    ----------------------------------------------------------------------
     35166       1778        944         16       4152      79330   Library Totals
        22          0          9          0          0          0   (incl. Padding)

    ----------------------------------------------------------------------

      Code (inc. data)   RO Data    RW Data    ZI Data      Debug   Library Name

      7774        274        551          0         96       5116   c_w.l
       844         20          0          0          0       2452   fz_wv.l
     22036        812          0         16       4056      67930   libmpllib.lib
      4490        672        384          0          0       3832   m_wv.l

    ----------------------------------------------------------------------
     35166       1778        944         16       4152      79330   Library Totals

    ----------------------------------------------------------------------

==============================================================================


      Code (inc. data)   RO Data    RW Data    ZI Data      Debug   

    108942       8750      24350        884    2074020    1093961   Grand Totals
    108942       8750      24350        184    2074020    1093961   ELF Image Totals (compressed)
    108942       8750      24350        184          0          0   ROM Totals

==============================================================================

    Total RO  Size (Code + RO Data)               133292 ( 130.17kB)
    Total RW  Size (RW Data + ZI Data)           2074904 (2026.27kB)
    Total ROM Size (Code + RO Data + RW Data)     133476 ( 130.35kB)

==============================================================================

